0 verbose cli /data/data/com.termux/files/usr/bin/node /data/data/com.termux/files/usr/bin/npm
1 info using npm@11.18.0
2 info using node@v26.3.1
3 silly config load:file:/data/data/com.termux/files/usr/lib/node_modules/npm/npmrc
4 silly config load:file:/storage/emulated/0/Download/CLINT-TRADE-V2/.npmrc
5 silly config load:file:/data/data/com.termux/files/home/.npmrc
6 silly config load:file:/data/data/com.termux/files/usr/etc/npmrc
7 verbose title npm install
8 verbose argv "install"
9 verbose logfile logs-max:10 dir:/data/data/com.termux/files/home/.npm/_logs/2026-09-21T10_02_57_323Z-
10 verbose logfile /data/data/com.termux/files/home/.npm/_logs/2026-09-21T10_02_57_323Z-debug-0.log
11 silly logfile done cleaning log files
12 silly packumentCache heap:2248146944 maxSize:562036736 maxEntrySize:281018368
13 silly idealTree buildDeps
14 silly fetch manifest react@^19.1.1
15 silly packumentCache full:https://registry.npmjs.org/react cache-miss
16 http fetch GET 200 https://registry.npmjs.org/react 1689ms (cache updated)
17 silly packumentCache full:https://registry.npmjs.org/react set size:undefined disposed:false
18 silly fetch manifest react-dom@^19.1.1
19 silly packumentCache full:https://registry.npmjs.org/react-dom cache-miss
20 http fetch GET 200 https://registry.npmjs.org/react-dom 1311ms (cache updated)
21 silly packumentCache full:https://registry.npmjs.org/react-dom set size:undefined disposed:false
22 silly fetch manifest @types/react@^19.1.12
23 silly packumentCache full:https://registry.npmjs.org/@types%2freact cache-miss
24 http fetch GET 200 https://registry.npmjs.org/@types%2freact 537ms (cache miss)
25 silly packumentCache full:https://registry.npmjs.org/@types%2freact set size:undefined disposed:false
26 silly fetch manifest @types/react-dom@^19.1.9
27 silly packumentCache full:https://registry.npmjs.org/@types%2freact-dom cache-miss
28 http fetch GET 200 https://registry.npmjs.org/@types%2freact-dom 158ms (cache miss)
29 silly packumentCache full:https://registry.npmjs.org/@types%2freact-dom set size:undefined disposed:false
30 silly fetch manifest @vitejs/plugin-react@^5.0.2
31 silly packumentCache full:https://registry.npmjs.org/@vitejs%2fplugin-react cache-miss
32 http fetch GET 200 https://registry.npmjs.org/@vitejs%2fplugin-react 147ms (cache updated)
33 silly packumentCache full:https://registry.npmjs.org/@vitejs%2fplugin-react set size:undefined disposed:false
34 silly fetch manifest vite@^7.1.5
35 silly packumentCache full:https://registry.npmjs.org/vite cache-miss
36 http fetch GET 200 https://registry.npmjs.org/vite 3916ms (cache updated)
37 silly packumentCache full:https://registry.npmjs.org/vite set size:undefined disposed:false
38 silly fetch manifest @types/node@^20.19.0 || >=22.12.0
39 silly packumentCache full:https://registry.npmjs.org/@types%2fnode cache-miss
40 http fetch GET 200 https://registry.npmjs.org/@types%2fnode 925ms (cache updated)
41 silly packumentCache full:https://registry.npmjs.org/@types%2fnode set size:undefined disposed:false
42 silly fetch manifest jiti@>=1.21.0
43 silly packumentCache full:https://registry.npmjs.org/jiti cache-miss
44 http fetch GET 200 https://registry.npmjs.org/jiti 98ms (cache revalidated)
45 silly packumentCache full:https://registry.npmjs.org/jiti set size:387989 disposed:false
46 silly fetch manifest less@^4.0.0
47 silly packumentCache full:https://registry.npmjs.org/less cache-miss
48 http fetch GET 200 https://registry.npmjs.org/less 127ms (cache updated)
49 silly packumentCache full:https://registry.npmjs.org/less set size:undefined disposed:false
50 silly fetch manifest lightningcss@^1.21.0
51 silly packumentCache full:https://registry.npmjs.org/lightningcss cache-miss
52 http fetch GET 200 https://registry.npmjs.org/lightningcss 92ms (cache updated)
53 silly packumentCache full:https://registry.npmjs.org/lightningcss set size:undefined disposed:false
54 silly fetch manifest sass@^1.70.0
55 silly packumentCache full:https://registry.npmjs.org/sass cache-miss
56 http fetch GET 200 https://registry.npmjs.org/sass 192ms (cache updated)
57 silly packumentCache full:https://registry.npmjs.org/sass set size:undefined disposed:false
58 silly fetch manifest sass-embedded@^1.70.0
59 silly packumentCache full:https://registry.npmjs.org/sass-embedded cache-miss
60 http fetch GET 200 https://registry.npmjs.org/sass-embedded 148ms (cache updated)
61 silly packumentCache full:https://registry.npmjs.org/sass-embedded set size:undefined disposed:false
62 silly fetch manifest stylus@>=0.54.8
63 silly packumentCache full:https://registry.npmjs.org/stylus cache-miss
64 http fetch GET 200 https://registry.npmjs.org/stylus 89ms (cache revalidated)
65 silly packumentCache full:https://registry.npmjs.org/stylus set size:286766 disposed:false
66 silly fetch manifest sugarss@^5.0.0
67 silly packumentCache full:https://registry.npmjs.org/sugarss cache-miss
68 http fetch GET 200 https://registry.npmjs.org/sugarss 76ms (cache revalidated)
69 silly packumentCache full:https://registry.npmjs.org/sugarss set size:44975 disposed:false
70 silly fetch manifest postcss@^8.3.3
71 silly packumentCache full:https://registry.npmjs.org/postcss cache-miss
72 http fetch GET 200 https://registry.npmjs.org/postcss 178ms (cache updated)
73 silly packumentCache full:https://registry.npmjs.org/postcss set size:undefined disposed:false
74 silly fetch manifest terser@^5.16.0
75 silly packumentCache full:https://registry.npmjs.org/terser cache-miss
76 http fetch GET 200 https://registry.npmjs.org/terser 207ms (cache updated)
77 silly packumentCache full:https://registry.npmjs.org/terser set size:undefined disposed:false
78 silly fetch manifest tsx@^4.8.1
79 silly packumentCache full:https://registry.npmjs.org/tsx cache-miss
80 http fetch GET 200 https://registry.npmjs.org/tsx 144ms (cache updated)
81 silly packumentCache full:https://registry.npmjs.org/tsx set size:undefined disposed:false
82 silly fetch manifest yaml@^2.4.2
83 silly packumentCache full:https://registry.npmjs.org/yaml cache-miss
84 http fetch GET 200 https://registry.npmjs.org/yaml 163ms (cache updated)
85 silly packumentCache full:https://registry.npmjs.org/yaml set size:undefined disposed:false
86 silly fetch manifest typescript@^5.9.2
87 silly packumentCache full:https://registry.npmjs.org/typescript cache-miss
88 http fetch GET 200 https://registry.npmjs.org/typescript 2381ms (cache miss)
89 silly packumentCache full:https://registry.npmjs.org/typescript set size:undefined disposed:false
90 silly placeDep ROOT @types/react@19.3.0 OK for: clint-trade-v2@2.0.0 want: ^19.1.12
91 silly placeDep ROOT @types/react-dom@19.3.0 OK for: clint-trade-v2@2.0.0 want: ^19.1.9
92 silly placeDep ROOT @vitejs/plugin-react@5.2.0 OK for: clint-trade-v2@2.0.0 want: ^5.0.2
93 silly placeDep ROOT vite@7.3.6 OK for: @vitejs/plugin-react@5.2.0 want: ^4.2.0 || ^5.0.0 || ^6.0.0 || ^7.0.0 || ^8.0.0
94 silly placeDep ROOT react@19.3.0 OK for: clint-trade-v2@2.0.0 want: ^19.1.1
95 silly placeDep ROOT react-dom@19.3.0 OK for: clint-trade-v2@2.0.0 want: ^19.1.1
96 silly placeDep ROOT typescript@5.9.3 OK for: clint-trade-v2@2.0.0 want: ^5.9.2
97 silly fetch manifest csstype@^3.2.2
98 silly packumentCache full:https://registry.npmjs.org/csstype cache-miss
99 silly fetch manifest @babel/core@^7.29.0
100 silly packumentCache full:https://registry.npmjs.org/@babel%2fcore cache-miss
101 silly fetch manifest react-refresh@^0.18.0
102 silly packumentCache full:https://registry.npmjs.org/react-refresh cache-miss
103 silly fetch manifest @types/babel__core@^7.20.5
104 silly packumentCache full:https://registry.npmjs.org/@types%2fbabel__core cache-miss
105 silly fetch manifest @rolldown/pluginutils@1.0.0-rc.3
106 silly packumentCache full:https://registry.npmjs.org/@rolldown%2fpluginutils cache-miss
107 silly fetch manifest @babel/plugin-transform-react-jsx-self@^7.27.1
108 silly packumentCache full:https://registry.npmjs.org/@babel%2fplugin-transform-react-jsx-self cache-miss
109 silly fetch manifest @babel/plugin-transform-react-jsx-source@^7.27.1
110 silly packumentCache full:https://registry.npmjs.org/@babel%2fplugin-transform-react-jsx-source cache-miss
111 http fetch GET 200 https://registry.npmjs.org/csstype 285ms (cache revalidated)
112 silly packumentCache full:https://registry.npmjs.org/csstype set size:274189 disposed:false
113 silly fetch manifest fdir@^6.5.0
114 silly packumentCache full:https://registry.npmjs.org/fdir cache-miss
115 http fetch GET 200 https://registry.npmjs.org/@babel%2fcore 306ms (cache updated)
116 silly packumentCache full:https://registry.npmjs.org/@babel%2fcore set size:undefined disposed:false
117 silly fetch manifest rollup@^4.43.0
118 silly packumentCache full:https://registry.npmjs.org/rollup cache-miss
119 http fetch GET 200 https://registry.npmjs.org/@babel%2fplugin-transform-react-jsx-self 338ms (cache revalidated)
120 silly packumentCache full:https://registry.npmjs.org/@babel%2fplugin-transform-react-jsx-self set size:200274 disposed:false
121 silly fetch manifest esbuild@^0.27.0 || ^0.28.0
122 silly packumentCache full:https://registry.npmjs.org/esbuild cache-miss
123 http fetch GET 200 https://registry.npmjs.org/@babel%2fplugin-transform-react-jsx-source 355ms (cache revalidated)
124 silly packumentCache full:https://registry.npmjs.org/@babel%2fplugin-transform-react-jsx-source set size:205288 disposed:false
125 silly fetch manifest postcss@^8.5.6
126 silly packumentCache full:https://registry.npmjs.org/postcss cache-miss
127 http fetch GET 200 https://registry.npmjs.org/@rolldown%2fpluginutils 369ms (cache revalidated)
128 silly packumentCache full:https://registry.npmjs.org/@rolldown%2fpluginutils set size:300388 disposed:false
129 silly fetch manifest picomatch@^4.0.3
130 silly packumentCache full:https://registry.npmjs.org/picomatch cache-miss
131 http fetch GET 200 https://registry.npmjs.org/@types%2fbabel__core 395ms (cache revalidated)
132 silly packumentCache full:https://registry.npmjs.org/@types%2fbabel__core set size:88676 disposed:false
133 silly fetch manifest tinyglobby@^0.2.15
134 silly packumentCache full:https://registry.npmjs.org/tinyglobby cache-miss
135 http cache https://registry.npmjs.org/postcss 62ms (cache hit)
136 silly packumentCache full:https://registry.npmjs.org/postcss set size:766699 disposed:false
137 silly fetch manifest fsevents@~2.3.3
138 silly packumentCache full:https://registry.npmjs.org/fsevents cache-miss
139 http fetch GET 200 https://registry.npmjs.org/fdir 189ms (cache revalidated)
140 silly packumentCache full:https://registry.npmjs.org/fdir set size:136182 disposed:false
141 silly fetch manifest scheduler@^0.28.0
142 silly packumentCache full:https://registry.npmjs.org/scheduler cache-miss
143 http fetch GET 200 https://registry.npmjs.org/tinyglobby 165ms (cache revalidated)
144 silly packumentCache full:https://registry.npmjs.org/tinyglobby set size:54291 disposed:false
145 http fetch GET 200 https://registry.npmjs.org/fsevents 110ms (cache revalidated)
146 silly packumentCache full:https://registry.npmjs.org/fsevents set size:182472 disposed:false
147 http fetch GET 200 https://registry.npmjs.org/picomatch 460ms (cache updated)
148 silly packumentCache full:https://registry.npmjs.org/picomatch set size:undefined disposed:false
149 http fetch GET 200 https://registry.npmjs.org/esbuild 1517ms (cache updated)
150 silly packumentCache full:https://registry.npmjs.org/esbuild set size:undefined disposed:false
151 http fetch GET 200 https://registry.npmjs.org/scheduler 1490ms (cache updated)
152 silly packumentCache full:https://registry.npmjs.org/scheduler set size:undefined disposed:false
153 http fetch GET 200 https://registry.npmjs.org/rollup 2359ms (cache updated)
154 silly packumentCache full:https://registry.npmjs.org/rollup set size:undefined disposed:false
155 http fetch GET 200 https://registry.npmjs.org/react-refresh 2921ms (cache updated)
156 silly packumentCache full:https://registry.npmjs.org/react-refresh set size:undefined disposed:false
157 silly placeDep ROOT csstype@3.2.3 OK for: @types/react@19.3.0 want: ^3.2.2
158 silly placeDep ROOT @babel/core@7.29.7 OK for: @vitejs/plugin-react@5.2.0 want: ^7.29.0
159 silly placeDep ROOT @babel/plugin-transform-react-jsx-self@7.29.7 OK for: @vitejs/plugin-react@5.2.0 want: ^7.27.1
160 silly placeDep ROOT @babel/plugin-transform-react-jsx-source@7.29.7 OK for: @vitejs/plugin-react@5.2.0 want: ^7.27.1
161 silly placeDep ROOT @rolldown/pluginutils@1.0.0-rc.3 OK for: @vitejs/plugin-react@5.2.0 want: 1.0.0-rc.3
162 silly placeDep ROOT @types/babel__core@7.20.5 OK for: @vitejs/plugin-react@5.2.0 want: ^7.20.5
163 silly placeDep ROOT react-refresh@0.18.0 OK for: @vitejs/plugin-react@5.2.0 want: ^0.18.0
164 silly fetch manifest debug@^4.1.0
165 silly packumentCache full:https://registry.npmjs.org/debug cache-miss
166 silly fetch manifest json5@^2.2.3
167 silly packumentCache full:https://registry.npmjs.org/json5 cache-miss
168 silly fetch manifest semver@^6.3.1
169 silly packumentCache full:https://registry.npmjs.org/semver cache-miss
170 silly fetch manifest gensync@^1.0.0-beta.2
171 silly packumentCache full:https://registry.npmjs.org/gensync cache-miss
172 silly fetch manifest @babel/types@^7.29.7
173 silly packumentCache full:https://registry.npmjs.org/@babel%2ftypes cache-miss
174 silly fetch manifest @babel/parser@^7.29.7
175 silly packumentCache full:https://registry.npmjs.org/@babel%2fparser cache-miss
176 silly fetch manifest @babel/helpers@^7.29.7
177 silly packumentCache full:https://registry.npmjs.org/@babel%2fhelpers cache-miss
178 http fetch GET 200 https://registry.npmjs.org/gensync 99ms (cache revalidated)
179 silly packumentCache full:https://registry.npmjs.org/gensync set size:15068 disposed:false
180 silly fetch manifest @babel/template@^7.29.7
181 silly packumentCache full:https://registry.npmjs.org/@babel%2ftemplate cache-miss
182 http fetch GET 200 https://registry.npmjs.org/json5 105ms (cache revalidated)
183 silly packumentCache full:https://registry.npmjs.org/json5 set size:86136 disposed:false
184 silly fetch manifest @babel/traverse@^7.29.7
185 silly packumentCache full:https://registry.npmjs.org/@babel%2ftraverse cache-miss
186 http fetch GET 200 https://registry.npmjs.org/debug 112ms (cache revalidated)
187 silly packumentCache full:https://registry.npmjs.org/debug set size:195840 disposed:false
188 silly fetch manifest @babel/generator@^7.29.7
189 silly packumentCache full:https://registry.npmjs.org/@babel%2fgenerator cache-miss
190 http fetch GET 200 https://registry.npmjs.org/semver 154ms (cache updated)
191 silly packumentCache full:https://registry.npmjs.org/semver set size:undefined disposed:false
192 silly fetch manifest @babel/code-frame@^7.29.7
193 silly packumentCache full:https://registry.npmjs.org/@babel%2fcode-frame cache-miss
194 http fetch GET 200 https://registry.npmjs.org/@babel%2ftemplate 100ms (cache revalidated)
195 silly packumentCache full:https://registry.npmjs.org/@babel%2ftemplate set size:237074 disposed:false
196 silly fetch manifest convert-source-map@^2.0.0
197 silly packumentCache full:https://registry.npmjs.org/convert-source-map cache-miss
198 http fetch GET 200 https://registry.npmjs.org/@babel%2fparser 238ms (cache updated)
199 silly packumentCache full:https://registry.npmjs.org/@babel%2fparser set size:undefined disposed:false
200 silly fetch manifest @jridgewell/remapping@^2.3.5
201 silly packumentCache full:https://registry.npmjs.org/@jridgewell%2fremapping cache-miss
202 http fetch GET 200 https://registry.npmjs.org/convert-source-map 71ms (cache revalidated)
203 silly packumentCache full:https://registry.npmjs.org/convert-source-map set size:66997 disposed:false
204 silly fetch manifest @babel/helper-module-transforms@^7.29.7
205 silly packumentCache full:https://registry.npmjs.org/@babel%2fhelper-module-transforms cache-miss
206 http fetch GET 200 https://registry.npmjs.org/@babel%2fcode-frame 145ms (cache updated)
207 silly packumentCache full:https://registry.npmjs.org/@babel%2fcode-frame set size:undefined disposed:false
208 silly fetch manifest @babel/helper-compilation-targets@^7.29.7
209 silly packumentCache full:https://registry.npmjs.org/@babel%2fhelper-compilation-targets cache-miss
210 http fetch GET 200 https://registry.npmjs.org/@babel%2fhelpers 323ms (cache updated)
211 silly packumentCache full:https://registry.npmjs.org/@babel%2fhelpers set size:undefined disposed:false
212 silly fetch manifest @babel/helper-plugin-utils@^7.29.7
213 silly packumentCache full:https://registry.npmjs.org/@babel%2fhelper-plugin-utils cache-miss
214 http fetch GET 200 https://registry.npmjs.org/@jridgewell%2fremapping 93ms (cache revalidated)
215 silly packumentCache full:https://registry.npmjs.org/@jridgewell%2fremapping set size:23809 disposed:false
216 silly fetch manifest @babel/helper-plugin-utils@^7.29.7
217 silly packumentCache full:https://registry.npmjs.org/@babel%2fhelper-plugin-utils cache-miss
218 http fetch GET 200 https://registry.npmjs.org/@babel%2fhelper-compilation-targets 133ms (cache updated)
219 silly packumentCache full:https://registry.npmjs.org/@babel%2fhelper-compilation-targets set size:undefined disposed:false
220 silly fetch manifest @babel/types@^7.20.7
221 silly packumentCache full:https://registry.npmjs.org/@babel%2ftypes cache-miss
222 http fetch GET 200 https://registry.npmjs.org/@babel%2fhelper-plugin-utils 101ms (cache revalidated)
223 silly packumentCache full:https://registry.npmjs.org/@babel%2fhelper-plugin-utils set size:175564 disposed:false
224 silly fetch manifest @babel/parser@^7.20.7
225 silly packumentCache full:https://registry.npmjs.org/@babel%2fparser cache-miss
226 http fetch GET 200 https://registry.npmjs.org/@babel%2fhelper-module-transforms 181ms (cache updated)
227 silly packumentCache full:https://registry.npmjs.org/@babel%2fhelper-module-transforms set size:undefined disposed:false
228 silly fetch manifest @types/babel__template@*
229 silly packumentCache full:https://registry.npmjs.org/@types%2fbabel__template cache-miss
230 http fetch GET 200 https://registry.npmjs.org/@babel%2fhelper-plugin-utils 148ms (cache revalidated)
231 silly packumentCache full:https://registry.npmjs.org/@babel%2fhelper-plugin-utils set size:175564 disposed:false
232 silly packumentCache full:https://registry.npmjs.org/@babel%2fhelper-plugin-utils dispose
233 silly fetch manifest @types/babel__traverse@*
234 silly packumentCache full:https://registry.npmjs.org/@types%2fbabel__traverse cache-miss
235 http cache https://registry.npmjs.org/@babel%2fparser 22ms (cache hit)
236 silly packumentCache full:https://registry.npmjs.org/@babel%2fparser set size:745724 disposed:false
237 silly fetch manifest @types/babel__generator@*
238 silly packumentCache full:https://registry.npmjs.org/@types%2fbabel__generator cache-miss
239 http fetch GET 200 https://registry.npmjs.org/@babel%2ftraverse 407ms (cache updated)
240 silly packumentCache full:https://registry.npmjs.org/@babel%2ftraverse set size:undefined disposed:false
241 http fetch GET 200 https://registry.npmjs.org/@types%2fbabel__traverse 94ms (cache revalidated)
242 silly packumentCache full:https://registry.npmjs.org/@types%2fbabel__traverse set size:107819 disposed:false
243 http fetch GET 200 https://registry.npmjs.org/@types%2fbabel__generator 93ms (cache revalidated)
244 silly packumentCache full:https://registry.npmjs.org/@types%2fbabel__generator set size:31587 disposed:false
245 http fetch GET 200 https://registry.npmjs.org/@types%2fbabel__template 129ms (cache revalidated)
246 silly packumentCache full:https://registry.npmjs.org/@types%2fbabel__template set size:22631 disposed:false
247 http fetch GET 200 https://registry.npmjs.org/@babel%2fgenerator 503ms (cache updated)
248 silly packumentCache full:https://registry.npmjs.org/@babel%2fgenerator set size:undefined disposed:false
249 http fetch GET 200 https://registry.npmjs.org/@babel%2ftypes 630ms (cache updated)
250 silly packumentCache full:https://registry.npmjs.org/@babel%2ftypes set size:undefined disposed:false
251 http fetch GET 200 https://registry.npmjs.org/@babel%2ftypes 193ms (cache updated)
252 silly packumentCache full:https://registry.npmjs.org/@babel%2ftypes set size:undefined disposed:false
253 silly fetch manifest @babel/core@^7.0.0
254 silly packumentCache full:https://registry.npmjs.org/@babel%2fcore cache-miss
255 http cache https://registry.npmjs.org/@babel%2fcore 17ms (cache hit)
256 silly packumentCache full:https://registry.npmjs.org/@babel%2fcore set size:797193 disposed:false
257 silly placeDep ROOT @babel/code-frame@7.29.7 OK for: @babel/core@7.29.7 want: ^7.29.7
258 silly placeDep ROOT @babel/generator@7.29.8 OK for: @babel/core@7.29.7 want: ^7.29.7
259 silly placeDep ROOT @babel/helper-compilation-targets@7.29.7 OK for: @babel/core@7.29.7 want: ^7.29.7
260 silly placeDep ROOT @babel/helper-module-transforms@7.29.7 OK for: @babel/core@7.29.7 want: ^7.29.7
261 silly placeDep ROOT @babel/helpers@7.29.7 OK for: @babel/core@7.29.7 want: ^7.29.7
262 silly placeDep ROOT @babel/parser@7.29.9 OK for: @babel/core@7.29.7 want: ^7.29.7
263 silly placeDep ROOT @babel/template@7.29.7 OK for: @babel/core@7.29.7 want: ^7.29.7
264 silly placeDep ROOT @babel/traverse@7.29.8 OK for: @babel/core@7.29.7 want: ^7.29.7
265 silly placeDep ROOT @babel/types@7.29.8 OK for: @babel/core@7.29.7 want: ^7.29.7
266 silly placeDep ROOT @jridgewell/remapping@2.3.5 OK for: @babel/core@7.29.7 want: ^2.3.5
267 silly placeDep ROOT convert-source-map@2.0.0 OK for: @babel/core@7.29.7 want: ^2.0.0
268 silly placeDep ROOT debug@4.4.3 OK for: @babel/core@7.29.7 want: ^4.1.0
269 silly placeDep ROOT gensync@1.0.0-beta.2 OK for: @babel/core@7.29.7 want: ^1.0.0-beta.2
270 silly placeDep ROOT json5@2.2.3 OK for: @babel/core@7.29.7 want: ^2.2.3
271 silly placeDep ROOT semver@6.3.1 OK for: @babel/core@7.29.7 want: ^6.3.1
272 silly fetch manifest js-tokens@^4.0.0
273 silly packumentCache full:https://registry.npmjs.org/js-tokens cache-miss
274 silly fetch manifest picocolors@^1.1.1
275 silly packumentCache full:https://registry.npmjs.org/picocolors cache-miss
276 silly fetch manifest @babel/helper-validator-identifier@^7.29.7
277 silly packumentCache full:https://registry.npmjs.org/@babel%2fhelper-validator-identifier cache-miss
278 silly fetch manifest jsesc@^3.0.2
279 silly packumentCache full:https://registry.npmjs.org/jsesc cache-miss
280 silly fetch manifest @babel/types@^7.29.8
281 silly packumentCache full:https://registry.npmjs.org/@babel%2ftypes cache-miss
282 silly fetch manifest @babel/parser@^7.29.8
283 silly packumentCache full:https://registry.npmjs.org/@babel%2fparser cache-hit
284 silly fetch manifest @jridgewell/gen-mapping@^0.3.12
285 silly packumentCache full:https://registry.npmjs.org/@jridgewell%2fgen-mapping cache-miss
286 silly fetch manifest @jridgewell/trace-mapping@^0.3.28
287 silly packumentCache full:https://registry.npmjs.org/@jridgewell%2ftrace-mapping cache-miss
288 http cache https://registry.npmjs.org/@babel%2ftypes 23ms (cache hit)
289 silly packumentCache full:https://registry.npmjs.org/@babel%2ftypes set size:507562 disposed:false
290 silly fetch manifest lru-cache@^5.1.1
291 silly packumentCache full:https://registry.npmjs.org/lru-cache cache-miss
292 http fetch GET 200 https://registry.npmjs.org/picocolors 81ms (cache revalidated)
293 silly packumentCache full:https://registry.npmjs.org/picocolors set size:16648 disposed:false
294 silly fetch manifest browserslist@^4.24.0
295 silly packumentCache full:https://registry.npmjs.org/browserslist cache-miss
296 http fetch GET 200 https://registry.npmjs.org/jsesc 84ms (cache revalidated)
297 silly packumentCache full:https://registry.npmjs.org/jsesc set size:61512 disposed:false
298 silly fetch manifest @babel/compat-data@^7.29.7
299 silly packumentCache full:https://registry.npmjs.org/@babel%2fcompat-data cache-miss
300 http fetch GET 200 https://registry.npmjs.org/js-tokens 95ms (cache revalidated)
301 silly packumentCache full:https://registry.npmjs.org/js-tokens set size:41947 disposed:false
302 silly fetch manifest @babel/helper-validator-option@^7.29.7
303 silly packumentCache full:https://registry.npmjs.org/@babel%2fhelper-validator-option cache-miss
304 http fetch GET 200 https://registry.npmjs.org/@jridgewell%2fgen-mapping 95ms (cache revalidated)
305 silly packumentCache full:https://registry.npmjs.org/@jridgewell%2fgen-mapping set size:75941 disposed:false
306 silly fetch manifest @babel/helper-module-imports@^7.29.7
307 silly packumentCache full:https://registry.npmjs.org/@babel%2fhelper-module-imports cache-miss
308 http fetch GET 200 https://registry.npmjs.org/@jridgewell%2ftrace-mapping 107ms (cache revalidated)
309 silly packumentCache full:https://registry.npmjs.org/@jridgewell%2ftrace-mapping set size:170909 disposed:false
310 silly fetch manifest @babel/helper-validator-identifier@^7.29.7
311 silly packumentCache full:https://registry.npmjs.org/@babel%2fhelper-validator-identifier cache-miss
312 http fetch GET 200 https://registry.npmjs.org/@babel%2fhelper-validator-identifier 160ms (cache updated)
313 silly packumentCache full:https://registry.npmjs.org/@babel%2fhelper-validator-identifier set size:undefined disposed:false
314 silly fetch manifest debug@^4.3.1
315 silly packumentCache full:https://registry.npmjs.org/debug cache-hit
316 silly fetch manifest @babel/helper-globals@^7.29.7
317 silly packumentCache full:https://registry.npmjs.org/@babel%2fhelper-globals cache-miss
318 http fetch GET 200 https://registry.npmjs.org/@babel%2fhelper-module-imports 91ms (cache revalidated)
319 silly packumentCache full:https://registry.npmjs.org/@babel%2fhelper-module-imports set size:203392 disposed:false
320 silly fetch manifest @babel/helper-string-parser@^7.29.7
321 silly packumentCache full:https://registry.npmjs.org/@babel%2fhelper-string-parser cache-miss
322 http fetch GET 200 https://registry.npmjs.org/@babel%2fhelper-validator-option 137ms (cache revalidated)
323 silly packumentCache full:https://registry.npmjs.org/@babel%2fhelper-validator-option set size:101303 disposed:false
324 silly fetch manifest @jridgewell/gen-mapping@^0.3.5
325 silly packumentCache full:https://registry.npmjs.org/@jridgewell%2fgen-mapping cache-hit
326 silly fetch manifest @jridgewell/trace-mapping@^0.3.24
327 silly packumentCache full:https://registry.npmjs.org/@jridgewell%2ftrace-mapping cache-hit
328 silly fetch manifest ms@^2.1.3
329 silly packumentCache full:https://registry.npmjs.org/ms cache-miss
330 http fetch GET 200 https://registry.npmjs.org/lru-cache 209ms (cache updated)
331 silly packumentCache full:https://registry.npmjs.org/lru-cache set size:undefined disposed:false
332 http fetch GET 200 https://registry.npmjs.org/@babel%2fhelper-validator-identifier 153ms (cache updated)
333 silly packumentCache full:https://registry.npmjs.org/@babel%2fhelper-validator-identifier set size:undefined disposed:false
334 http fetch GET 200 https://registry.npmjs.org/@babel%2fcompat-data 187ms (cache updated)
335 silly packumentCache full:https://registry.npmjs.org/@babel%2fcompat-data set size:undefined disposed:false
336 http fetch GET 200 https://registry.npmjs.org/@babel%2fhelper-globals 136ms (cache updated)
337 silly packumentCache full:https://registry.npmjs.org/@babel%2fhelper-globals set size:undefined disposed:false
338 http fetch GET 200 https://registry.npmjs.org/ms 72ms (cache revalidated)
339 silly packumentCache full:https://registry.npmjs.org/ms set size:92208 disposed:false
340 http fetch GET 200 https://registry.npmjs.org/@babel%2fhelper-string-parser 147ms (cache updated)
341 silly packumentCache full:https://registry.npmjs.org/@babel%2fhelper-string-parser set size:undefined disposed:false
342 http fetch GET 200 https://registry.npmjs.org/browserslist 303ms (cache updated)
343 silly packumentCache full:https://registry.npmjs.org/browserslist set size:undefined disposed:false
344 silly placeDep ROOT @babel/helper-validator-identifier@7.29.7 OK for: @babel/code-frame@7.29.7 want: ^7.29.7
345 silly placeDep ROOT js-tokens@4.0.0 OK for: @babel/code-frame@7.29.7 want: ^4.0.0
346 silly placeDep ROOT picocolors@1.1.1 OK for: @babel/code-frame@7.29.7 want: ^1.1.1
347 silly placeDep ROOT @jridgewell/gen-mapping@0.3.13 OK for: @babel/generator@7.29.8 want: ^0.3.12
348 silly placeDep ROOT @jridgewell/trace-mapping@0.3.31 OK for: @babel/generator@7.29.8 want: ^0.3.28
349 silly placeDep ROOT jsesc@3.1.0 OK for: @babel/generator@7.29.8 want: ^3.0.2
350 silly fetch manifest @jridgewell/sourcemap-codec@^1.5.0
351 silly packumentCache full:https://registry.npmjs.org/@jridgewell%2fsourcemap-codec cache-miss
352 silly fetch manifest @jridgewell/resolve-uri@^3.1.0
353 silly packumentCache full:https://registry.npmjs.org/@jridgewell%2fresolve-uri cache-miss
354 silly fetch manifest @jridgewell/sourcemap-codec@^1.4.14
355 silly packumentCache full:https://registry.npmjs.org/@jridgewell%2fsourcemap-codec cache-miss
356 http fetch GET 200 https://registry.npmjs.org/@jridgewell%2fresolve-uri 105ms (cache revalidated)
357 silly packumentCache full:https://registry.npmjs.org/@jridgewell%2fresolve-uri set size:57361 disposed:false
358 http fetch GET 200 https://registry.npmjs.org/@jridgewell%2fsourcemap-codec 126ms (cache updated)
359 silly packumentCache full:https://registry.npmjs.org/@jridgewell%2fsourcemap-codec set size:undefined disposed:false
360 http fetch GET 200 https://registry.npmjs.org/@jridgewell%2fsourcemap-codec 135ms (cache updated)
361 silly packumentCache full:https://registry.npmjs.org/@jridgewell%2fsourcemap-codec set size:undefined disposed:false
362 silly placeDep ROOT @babel/compat-data@7.29.7 OK for: @babel/helper-compilation-targets@7.29.7 want: ^7.29.7
363 silly placeDep ROOT @babel/helper-validator-option@7.29.7 OK for: @babel/helper-compilation-targets@7.29.7 want: ^7.29.7
364 silly placeDep ROOT browserslist@4.29.0 OK for: @babel/helper-compilation-targets@7.29.7 want: ^4.24.0
365 silly placeDep ROOT lru-cache@5.1.1 OK for: @babel/helper-compilation-targets@7.29.7 want: ^5.1.1
366 silly fetch manifest caniuse-lite@^1.0.30001810
367 silly packumentCache full:https://registry.npmjs.org/caniuse-lite cache-miss
368 silly fetch manifest node-releases@^2.0.55
369 silly packumentCache full:https://registry.npmjs.org/node-releases cache-miss
370 silly fetch manifest electron-to-chromium@^1.5.427
371 silly packumentCache full:https://registry.npmjs.org/electron-to-chromium cache-miss
372 silly fetch manifest update-browserslist-db@^1.3.3
373 silly packumentCache full:https://registry.npmjs.org/update-browserslist-db cache-miss
374 silly fetch manifest baseline-browser-mapping@^2.11.23
375 silly packumentCache full:https://registry.npmjs.org/baseline-browser-mapping cache-miss
376 silly fetch manifest yallist@^3.0.2
377 silly packumentCache full:https://registry.npmjs.org/yallist cache-miss
378 http fetch GET 200 https://registry.npmjs.org/yallist 81ms (cache revalidated)
379 silly packumentCache full:https://registry.npmjs.org/yallist set size:34610 disposed:false
380 http fetch GET 200 https://registry.npmjs.org/node-releases 194ms (cache updated)
381 silly packumentCache full:https://registry.npmjs.org/node-releases set size:undefined disposed:false
382 http fetch GET 200 https://registry.npmjs.org/baseline-browser-mapping 321ms (cache updated)
383 silly packumentCache full:https://registry.npmjs.org/baseline-browser-mapping set size:undefined disposed:false
384 http fetch GET 200 https://registry.npmjs.org/update-browserslist-db 400ms (cache updated)
385 silly packumentCache full:https://registry.npmjs.org/update-browserslist-db set size:undefined disposed:false
386 http fetch GET 200 https://registry.npmjs.org/caniuse-lite 1531ms (cache updated)
387 silly packumentCache full:https://registry.npmjs.org/caniuse-lite set size:undefined disposed:false
388 http fetch GET 200 https://registry.npmjs.org/electron-to-chromium 3322ms (cache updated)
389 silly packumentCache full:https://registry.npmjs.org/electron-to-chromium set size:undefined disposed:false
390 silly placeDep ROOT @babel/helper-module-imports@7.29.7 OK for: @babel/helper-module-transforms@7.29.7 want: ^7.29.7
391 silly placeDep ROOT @babel/helper-plugin-utils@7.29.7 OK for: @babel/plugin-transform-react-jsx-self@7.29.7 want: ^7.29.7
392 silly placeDep ROOT @babel/helper-globals@7.29.7 OK for: @babel/traverse@7.29.8 want: ^7.29.7
393 silly placeDep ROOT @babel/helper-string-parser@7.29.7 OK for: @babel/types@7.29.8 want: ^7.29.7
394 silly placeDep ROOT @jridgewell/sourcemap-codec@1.6.0 OK for: @jridgewell/gen-mapping@0.3.13 want: ^1.5.0
395 silly placeDep ROOT @jridgewell/resolve-uri@3.1.2 OK for: @jridgewell/trace-mapping@0.3.31 want: ^3.1.0
396 silly placeDep ROOT @types/babel__generator@7.27.0 OK for: @types/babel__core@7.20.5 want: *
397 silly placeDep ROOT @types/babel__template@7.4.4 OK for: @types/babel__core@7.20.5 want: *
398 silly placeDep ROOT @types/babel__traverse@7.28.0 OK for: @types/babel__core@7.20.5 want: *
399 silly fetch manifest browserslist@>= 4.21.0
400 silly packumentCache full:https://registry.npmjs.org/browserslist cache-miss
401 http cache https://registry.npmjs.org/browserslist 33ms (cache hit)
402 silly packumentCache full:https://registry.npmjs.org/browserslist set size:523370 disposed:false
403 silly placeDep ROOT baseline-browser-mapping@2.11.25 OK for: browserslist@4.29.0 want: ^2.11.23
404 silly placeDep ROOT caniuse-lite@1.0.30001810 OK for: browserslist@4.29.0 want: ^1.0.30001810
405 silly placeDep ROOT electron-to-chromium@1.5.433 OK for: browserslist@4.29.0 want: ^1.5.427
406 silly placeDep ROOT node-releases@2.0.56 OK for: browserslist@4.29.0 want: ^2.0.55
407 silly placeDep ROOT update-browserslist-db@1.3.3 OK for: browserslist@4.29.0 want: ^1.3.3
408 silly fetch manifest escalade@^3.2.0
409 silly packumentCache full:https://registry.npmjs.org/escalade cache-miss
410 http fetch GET 200 https://registry.npmjs.org/escalade 96ms (cache revalidated)
411 silly packumentCache full:https://registry.npmjs.org/escalade set size:33724 disposed:false
412 silly placeDep ROOT ms@2.1.3 OK for: debug@4.4.3 want: ^2.1.3
413 silly placeDep ROOT yallist@3.1.1 OK for: lru-cache@5.1.1 want: ^3.0.2
414 silly placeDep ROOT scheduler@0.28.0 OK for: react-dom@19.3.0 want: ^0.28.0
415 silly placeDep ROOT escalade@3.2.0 OK for: update-browserslist-db@1.3.3 want: ^3.2.0
416 silly placeDep ROOT esbuild@0.28.2 OK for: vite@7.3.6 want: ^0.27.0 || ^0.28.0
417 silly placeDep ROOT fdir@6.5.0 OK for: vite@7.3.6 want: ^6.5.0
418 silly placeDep ROOT fsevents@2.3.3 OK for: vite@7.3.6 want: ~2.3.3
419 silly placeDep ROOT picomatch@4.0.7 OK for: vite@7.3.6 want: ^4.0.3
420 silly placeDep ROOT postcss@8.5.28 OK for: vite@7.3.6 want: ^8.5.6
421 silly placeDep ROOT rollup@4.63.4 OK for: vite@7.3.6 want: ^4.43.0
422 silly placeDep ROOT tinyglobby@0.2.17 OK for: vite@7.3.6 want: ^0.2.15
423 silly fetch manifest @esbuild/aix-ppc64@0.28.2
424 silly packumentCache full:https://registry.npmjs.org/@esbuild%2faix-ppc64 cache-miss
425 silly fetch manifest @esbuild/linux-arm@0.28.2
426 silly packumentCache full:https://registry.npmjs.org/@esbuild%2flinux-arm cache-miss
427 silly fetch manifest @esbuild/linux-x64@0.28.2
428 silly packumentCache full:https://registry.npmjs.org/@esbuild%2flinux-x64 cache-miss
429 silly fetch manifest @esbuild/sunos-x64@0.28.2
430 silly packumentCache full:https://registry.npmjs.org/@esbuild%2fsunos-x64 cache-miss
431 silly fetch manifest @esbuild/win32-x64@0.28.2
432 silly packumentCache full:https://registry.npmjs.org/@esbuild%2fwin32-x64 cache-miss
433 silly fetch manifest @esbuild/darwin-x64@0.28.2
434 silly packumentCache full:https://registry.npmjs.org/@esbuild%2fdarwin-x64 cache-miss
435 silly fetch manifest @esbuild/linux-ia32@0.28.2
436 silly packumentCache full:https://registry.npmjs.org/@esbuild%2flinux-ia32 cache-miss
437 http fetch GET 200 https://registry.npmjs.org/@esbuild%2faix-ppc64 149ms (cache updated)
438 silly packumentCache full:https://registry.npmjs.org/@esbuild%2faix-ppc64 set size:undefined disposed:false
439 silly fetch manifest @esbuild/netbsd-x64@0.28.2
440 silly packumentCache full:https://registry.npmjs.org/@esbuild%2fnetbsd-x64 cache-miss
441 http fetch GET 200 https://registry.npmjs.org/@esbuild%2fsunos-x64 196ms (cache updated)
442 silly packumentCache full:https://registry.npmjs.org/@esbuild%2fsunos-x64 set size:undefined disposed:false
443 silly fetch manifest @esbuild/win32-ia32@0.28.2
444 silly packumentCache full:https://registry.npmjs.org/@esbuild%2fwin32-ia32 cache-miss
445 http fetch GET 200 https://registry.npmjs.org/@esbuild%2flinux-ia32 209ms (cache updated)
446 silly packumentCache full:https://registry.npmjs.org/@esbuild%2flinux-ia32 set size:undefined disposed:false
447 silly fetch manifest @esbuild/android-arm@0.28.2
448 silly packumentCache full:https://registry.npmjs.org/@esbuild%2fandroid-arm cache-miss
449 http fetch GET 200 https://registry.npmjs.org/@esbuild%2flinux-x64 272ms (cache updated)
450 silly packumentCache full:https://registry.npmjs.org/@esbuild%2flinux-x64 set size:undefined disposed:false
451 silly fetch manifest @esbuild/android-x64@0.28.2
452 silly packumentCache full:https://registry.npmjs.org/@esbuild%2fandroid-x64 cache-miss
453 http fetch GET 200 https://registry.npmjs.org/@esbuild%2flinux-arm 288ms (cache updated)
454 silly packumentCache full:https://registry.npmjs.org/@esbuild%2flinux-arm set size:undefined disposed:false
455 silly fetch manifest @esbuild/freebsd-x64@0.28.2
456 silly packumentCache full:https://registry.npmjs.org/@esbuild%2ffreebsd-x64 cache-miss
457 http fetch GET 200 https://registry.npmjs.org/@esbuild%2fnetbsd-x64 140ms (cache updated)
458 silly packumentCache full:https://registry.npmjs.org/@esbuild%2fnetbsd-x64 set size:undefined disposed:false
459 silly fetch manifest @esbuild/linux-arm64@0.28.2
460 silly packumentCache full:https://registry.npmjs.org/@esbuild%2flinux-arm64 cache-miss
461 http fetch GET 200 https://registry.npmjs.org/@esbuild%2fdarwin-x64 310ms (cache updated)
462 silly packumentCache full:https://registry.npmjs.org/@esbuild%2fdarwin-x64 set size:undefined disposed:false
463 silly fetch manifest @esbuild/linux-ppc64@0.28.2
464 silly packumentCache full:https://registry.npmjs.org/@esbuild%2flinux-ppc64 cache-miss
465 http fetch GET 200 https://registry.npmjs.org/@esbuild%2fwin32-x64 318ms (cache updated)
466 silly packumentCache full:https://registry.npmjs.org/@esbuild%2fwin32-x64 set size:undefined disposed:false
467 silly fetch manifest @esbuild/linux-s390x@0.28.2
468 silly packumentCache full:https://registry.npmjs.org/@esbuild%2flinux-s390x cache-miss
469 http fetch GET 200 https://registry.npmjs.org/@esbuild%2fwin32-ia32 132ms (cache updated)
470 silly packumentCache full:https://registry.npmjs.org/@esbuild%2fwin32-ia32 set size:undefined disposed:false
471 silly fetch manifest @esbuild/openbsd-x64@0.28.2
472 silly packumentCache full:https://registry.npmjs.org/@esbuild%2fopenbsd-x64 cache-miss
473 http fetch GET 200 https://registry.npmjs.org/@esbuild%2fandroid-arm 180ms (cache updated)
474 silly packumentCache full:https://registry.npmjs.org/@esbuild%2fandroid-arm set size:undefined disposed:false
475 silly fetch manifest @esbuild/win32-arm64@0.28.2
476 silly packumentCache full:https://registry.npmjs.org/@esbuild%2fwin32-arm64 cache-miss
477 http fetch GET 200 https://registry.npmjs.org/@esbuild%2flinux-arm64 140ms (cache updated)
478 silly packumentCache full:https://registry.npmjs.org/@esbuild%2flinux-arm64 set size:undefined disposed:false
479 silly fetch manifest @esbuild/darwin-arm64@0.28.2
480 silly packumentCache full:https://registry.npmjs.org/@esbuild%2fdarwin-arm64 cache-miss
481 http fetch GET 200 https://registry.npmjs.org/@esbuild%2fopenbsd-x64 217ms (cache updated)
482 silly packumentCache full:https://registry.npmjs.org/@esbuild%2fopenbsd-x64 set size:undefined disposed:false
483 silly fetch manifest @esbuild/netbsd-arm64@0.28.2
484 silly packumentCache full:https://registry.npmjs.org/@esbuild%2fnetbsd-arm64 cache-miss
485 http fetch GET 200 https://registry.npmjs.org/@esbuild%2fwin32-arm64 174ms (cache updated)
486 silly packumentCache full:https://registry.npmjs.org/@esbuild%2fwin32-arm64 set size:undefined disposed:false
487 silly fetch manifest @esbuild/android-arm64@0.28.2
488 silly packumentCache full:https://registry.npmjs.org/@esbuild%2fandroid-arm64 cache-miss
489 http fetch GET 200 https://registry.npmjs.org/@esbuild%2fandroid-x64 303ms (cache updated)
490 silly packumentCache full:https://registry.npmjs.org/@esbuild%2fandroid-x64 set size:undefined disposed:false
491 silly fetch manifest @esbuild/freebsd-arm64@0.28.2
492 silly packumentCache full:https://registry.npmjs.org/@esbuild%2ffreebsd-arm64 cache-miss
493 http fetch GET 200 https://registry.npmjs.org/@esbuild%2flinux-s390x 268ms (cache updated)
494 silly packumentCache full:https://registry.npmjs.org/@esbuild%2flinux-s390x set size:undefined disposed:false
495 silly fetch manifest @esbuild/linux-loong64@0.28.2
496 silly packumentCache full:https://registry.npmjs.org/@esbuild%2flinux-loong64 cache-miss
497 http fetch GET 200 https://registry.npmjs.org/@esbuild%2fdarwin-arm64 170ms (cache updated)
498 silly packumentCache full:https://registry.npmjs.org/@esbuild%2fdarwin-arm64 set size:undefined disposed:false
499 silly fetch manifest @esbuild/linux-riscv64@0.28.2
500 silly packumentCache full:https://registry.npmjs.org/@esbuild%2flinux-riscv64 cache-miss
501 http fetch GET 200 https://registry.npmjs.org/@esbuild%2ffreebsd-x64 338ms (cache updated)
502 silly packumentCache full:https://registry.npmjs.org/@esbuild%2ffreebsd-x64 set size:undefined disposed:false
503 silly fetch manifest @esbuild/openbsd-arm64@0.28.2
504 silly packumentCache full:https://registry.npmjs.org/@esbuild%2fopenbsd-arm64 cache-miss
505 http fetch GET 200 https://registry.npmjs.org/@esbuild%2flinux-ppc64 326ms (cache updated)
506 silly packumentCache full:https://registry.npmjs.org/@esbuild%2flinux-ppc64 set size:undefined disposed:false
507 silly fetch manifest @esbuild/linux-mips64el@0.28.2
508 silly packumentCache full:https://registry.npmjs.org/@esbuild%2flinux-mips64el cache-miss
509 http fetch GET 200 https://registry.npmjs.org/@esbuild%2fnetbsd-arm64 91ms (cache miss)
510 silly packumentCache full:https://registry.npmjs.org/@esbuild%2fnetbsd-arm64 set size:undefined disposed:false
511 silly fetch manifest @esbuild/openharmony-arm64@0.28.2
512 silly packumentCache full:https://registry.npmjs.org/@esbuild%2fopenharmony-arm64 cache-miss
513 http fetch GET 200 https://registry.npmjs.org/@esbuild%2fopenharmony-arm64 83ms (cache miss)
514 silly packumentCache full:https://registry.npmjs.org/@esbuild%2fopenharmony-arm64 set size:undefined disposed:false
515 silly fetch manifest nanoid@^3.3.18
516 silly packumentCache full:https://registry.npmjs.org/nanoid cache-miss
517 http fetch GET 200 https://registry.npmjs.org/@esbuild%2fandroid-arm64 168ms (cache updated)
518 silly packumentCache full:https://registry.npmjs.org/@esbuild%2fandroid-arm64 set size:undefined disposed:false
519 silly fetch manifest source-map-js@^1.2.1
520 silly packumentCache full:https://registry.npmjs.org/source-map-js cache-miss
521 http fetch GET 200 https://registry.npmjs.org/@esbuild%2fopenbsd-arm64 123ms (cache miss)
522 silly packumentCache full:https://registry.npmjs.org/@esbuild%2fopenbsd-arm64 set size:undefined disposed:false
523 silly fetch manifest @types/estree@1.0.9
524 silly packumentCache full:https://registry.npmjs.org/@types%2festree cache-miss
525 http fetch GET 200 https://registry.npmjs.org/source-map-js 90ms (cache revalidated)
526 silly packumentCache full:https://registry.npmjs.org/source-map-js set size:62640 disposed:false
527 silly fetch manifest @rollup/rollup-darwin-x64@4.63.4
528 silly packumentCache full:https://registry.npmjs.org/@rollup%2frollup-darwin-x64 cache-miss
529 http fetch GET 200 https://registry.npmjs.org/@types%2festree 89ms (cache revalidated)
530 silly packumentCache full:https://registry.npmjs.org/@types%2festree set size:76072 disposed:false
531 silly fetch manifest @rollup/rollup-freebsd-x64@4.63.4
532 silly packumentCache full:https://registry.npmjs.org/@rollup%2frollup-freebsd-x64 cache-miss
533 http fetch GET 200 https://registry.npmjs.org/nanoid 169ms (cache updated)
534 silly packumentCache full:https://registry.npmjs.org/nanoid set size:undefined disposed:false
535 silly fetch manifest @rollup/rollup-openbsd-x64@4.63.4
536 silly packumentCache full:https://registry.npmjs.org/@rollup%2frollup-openbsd-x64 cache-miss
537 http fetch GET 200 https://registry.npmjs.org/@esbuild%2flinux-riscv64 323ms (cache updated)
538 silly packumentCache full:https://registry.npmjs.org/@esbuild%2flinux-riscv64 set size:undefined disposed:false
539 silly fetch manifest @napi-rs/lzma-linux-x64-gnu@1.5.1
540 silly packumentCache full:https://registry.npmjs.org/@napi-rs%2flzma-linux-x64-gnu cache-miss
541 http fetch GET 200 https://registry.npmjs.org/@esbuild%2flinux-mips64el 311ms (cache updated)
542 silly packumentCache full:https://registry.npmjs.org/@esbuild%2flinux-mips64el set size:undefined disposed:false
543 silly fetch manifest @rollup/rollup-darwin-arm64@4.63.4
544 silly packumentCache full:https://registry.npmjs.org/@rollup%2frollup-darwin-arm64 cache-miss
545 http fetch GET 200 https://registry.npmjs.org/@esbuild%2flinux-loong64 369ms (cache updated)
546 silly packumentCache full:https://registry.npmjs.org/@esbuild%2flinux-loong64 set size:undefined disposed:false
547 silly fetch manifest @rollup/rollup-android-arm64@4.63.4
548 silly packumentCache full:https://registry.npmjs.org/@rollup%2frollup-android-arm64 cache-miss
549 http fetch GET 200 https://registry.npmjs.org/@rollup%2frollup-darwin-x64 166ms (cache updated)
550 silly packumentCache full:https://registry.npmjs.org/@rollup%2frollup-darwin-x64 set size:undefined disposed:false
551 silly fetch manifest @rollup/rollup-freebsd-arm64@4.63.4
552 silly packumentCache full:https://registry.npmjs.org/@rollup%2frollup-freebsd-arm64 cache-miss
553 http fetch GET 200 https://registry.npmjs.org/@esbuild%2ffreebsd-arm64 442ms (cache updated)
554 silly packumentCache full:https://registry.npmjs.org/@esbuild%2ffreebsd-arm64 set size:undefined disposed:false
555 silly fetch manifest @rollup/rollup-linux-x64-gnu@4.63.4
556 silly packumentCache full:https://registry.npmjs.org/@rollup%2frollup-linux-x64-gnu cache-miss
557 http fetch GET 200 https://registry.npmjs.org/@rollup%2frollup-openbsd-x64 98ms (cache updated)
558 silly packumentCache full:https://registry.npmjs.org/@rollup%2frollup-openbsd-x64 set size:undefined disposed:false
559 silly fetch manifest @rollup/rollup-win32-x64-gnu@4.63.4
560 silly packumentCache full:https://registry.npmjs.org/@rollup%2frollup-win32-x64-gnu cache-miss
561 http fetch GET 200 https://registry.npmjs.org/@rollup%2frollup-freebsd-x64 204ms (cache updated)
562 silly packumentCache full:https://registry.npmjs.org/@rollup%2frollup-freebsd-x64 set size:undefined disposed:false
563 silly fetch manifest @rollup/rollup-linux-x64-musl@4.63.4
564 silly packumentCache full:https://registry.npmjs.org/@rollup%2frollup-linux-x64-musl cache-miss
565 http fetch GET 200 https://registry.npmjs.org/@napi-rs%2flzma-linux-x64-gnu 121ms (cache miss)
566 silly packumentCache full:https://registry.npmjs.org/@napi-rs%2flzma-linux-x64-gnu set size:undefined disposed:false
567 silly fetch manifest @rollup/rollup-win32-x64-msvc@4.63.4
568 silly packumentCache full:https://registry.npmjs.org/@rollup%2frollup-win32-x64-msvc cache-miss
569 http fetch GET 200 https://registry.npmjs.org/@rollup%2frollup-win32-x64-gnu 157ms (cache updated)
570 silly packumentCache full:https://registry.npmjs.org/@rollup%2frollup-win32-x64-gnu set size:undefined disposed:false
571 silly fetch manifest @rollup/rollup-linux-arm64-gnu@4.63.4
572 silly packumentCache full:https://registry.npmjs.org/@rollup%2frollup-linux-arm64-gnu cache-miss
573 http fetch GET 200 https://registry.npmjs.org/@rollup%2frollup-freebsd-arm64 210ms (cache updated)
574 silly packumentCache full:https://registry.npmjs.org/@rollup%2frollup-freebsd-arm64 set size:undefined disposed:false
575 silly fetch manifest @rollup/rollup-linux-ppc64-gnu@4.63.4
576 silly packumentCache full:https://registry.npmjs.org/@rollup%2frollup-linux-ppc64-gnu cache-miss
577 http fetch GET 200 https://registry.npmjs.org/@rollup%2frollup-darwin-arm64 313ms (cache updated)
578 silly packumentCache full:https://registry.npmjs.org/@rollup%2frollup-darwin-arm64 set size:undefined disposed:false
579 silly fetch manifest @rollup/rollup-linux-s390x-gnu@4.63.4
580 silly packumentCache full:https://registry.npmjs.org/@rollup%2frollup-linux-s390x-gnu cache-miss
581 http fetch GET 200 https://registry.npmjs.org/@rollup%2frollup-linux-x64-musl 229ms (cache updated)
582 silly packumentCache full:https://registry.npmjs.org/@rollup%2frollup-linux-x64-musl set size:undefined disposed:false
583 silly fetch manifest @rollup/rollup-win32-ia32-msvc@4.63.4
584 silly packumentCache full:https://registry.npmjs.org/@rollup%2frollup-win32-ia32-msvc cache-miss
585 http fetch GET 200 https://registry.npmjs.org/@rollup%2frollup-android-arm64 335ms (cache updated)
586 silly packumentCache full:https://registry.npmjs.org/@rollup%2frollup-android-arm64 set size:undefined disposed:false
587 silly fetch manifest @rollup/rollup-android-arm-eabi@4.63.4
588 silly packumentCache full:https://registry.npmjs.org/@rollup%2frollup-android-arm-eabi cache-miss
589 http fetch GET 200 https://registry.npmjs.org/@rollup%2frollup-linux-arm64-gnu 144ms (cache updated)
590 silly packumentCache full:https://registry.npmjs.org/@rollup%2frollup-linux-arm64-gnu set size:undefined disposed:false
591 silly fetch manifest @rollup/rollup-linux-arm64-musl@4.63.4
592 silly packumentCache full:https://registry.npmjs.org/@rollup%2frollup-linux-arm64-musl cache-miss
593 http fetch GET 200 https://registry.npmjs.org/@rollup%2frollup-linux-x64-gnu 323ms (cache updated)
594 silly packumentCache full:https://registry.npmjs.org/@rollup%2frollup-linux-x64-gnu set size:undefined disposed:false
595 silly fetch manifest @rollup/rollup-linux-ppc64-musl@4.63.4
596 silly packumentCache full:https://registry.npmjs.org/@rollup%2frollup-linux-ppc64-musl cache-miss
597 http fetch GET 200 https://registry.npmjs.org/@rollup%2frollup-linux-ppc64-gnu 127ms (cache updated)
598 silly packumentCache full:https://registry.npmjs.org/@rollup%2frollup-linux-ppc64-gnu set size:undefined disposed:false
599 silly fetch manifest @rollup/rollup-win32-arm64-msvc@4.63.4
600 silly packumentCache full:https://registry.npmjs.org/@rollup%2frollup-win32-arm64-msvc cache-miss
601 http fetch GET 200 https://registry.npmjs.org/@rollup%2frollup-win32-x64-msvc 343ms (cache updated)
602 silly packumentCache full:https://registry.npmjs.org/@rollup%2frollup-win32-x64-msvc set size:undefined disposed:false
603 silly fetch manifest @rollup/rollup-linux-loong64-gnu@4.63.4
604 silly packumentCache full:https://registry.npmjs.org/@rollup%2frollup-linux-loong64-gnu cache-miss
605 http fetch GET 200 https://registry.npmjs.org/@rollup%2frollup-win32-ia32-msvc 167ms (cache updated)
606 silly packumentCache full:https://registry.npmjs.org/@rollup%2frollup-win32-ia32-msvc set size:undefined disposed:false
607 silly fetch manifest @rollup/rollup-linux-riscv64-gnu@4.63.4
608 silly packumentCache full:https://registry.npmjs.org/@rollup%2frollup-linux-riscv64-gnu cache-miss
609 http fetch GET 200 https://registry.npmjs.org/@rollup%2frollup-linux-ppc64-musl 127ms (cache updated)
610 silly packumentCache full:https://registry.npmjs.org/@rollup%2frollup-linux-ppc64-musl set size:undefined disposed:false
611 silly fetch manifest @rollup/rollup-openharmony-arm64@4.63.4
612 silly packumentCache full:https://registry.npmjs.org/@rollup%2frollup-openharmony-arm64 cache-miss
613 http fetch GET 200 https://registry.npmjs.org/@rollup%2frollup-linux-arm64-musl 144ms (cache updated)
614 silly packumentCache full:https://registry.npmjs.org/@rollup%2frollup-linux-arm64-musl set size:undefined disposed:false
615 silly fetch manifest @rollup/rollup-linux-loong64-musl@4.63.4
616 silly packumentCache full:https://registry.npmjs.org/@rollup%2frollup-linux-loong64-musl cache-miss
617 http fetch GET 200 https://registry.npmjs.org/@rollup%2frollup-linux-s390x-gnu 229ms (cache updated)
618 silly packumentCache full:https://registry.npmjs.org/@rollup%2frollup-linux-s390x-gnu set size:undefined disposed:false
619 silly fetch manifest @rollup/rollup-linux-riscv64-musl@4.63.4
620 silly packumentCache full:https://registry.npmjs.org/@rollup%2frollup-linux-riscv64-musl cache-miss
621 http fetch GET 200 https://registry.npmjs.org/@rollup%2frollup-win32-arm64-msvc 159ms (cache updated)
622 silly packumentCache full:https://registry.npmjs.org/@rollup%2frollup-win32-arm64-msvc set size:undefined disposed:false
623 silly fetch manifest @rollup/rollup-linux-arm-gnueabihf@4.63.4
624 silly packumentCache full:https://registry.npmjs.org/@rollup%2frollup-linux-arm-gnueabihf cache-miss
625 http fetch GET 200 https://registry.npmjs.org/@rollup%2frollup-android-arm-eabi 278ms (cache updated)
626 silly packumentCache full:https://registry.npmjs.org/@rollup%2frollup-android-arm-eabi set size:undefined disposed:false
627 silly fetch manifest @rollup/rollup-linux-arm-musleabihf@4.63.4
628 silly packumentCache full:https://registry.npmjs.org/@rollup%2frollup-linux-arm-musleabihf cache-miss
629 http fetch GET 200 https://registry.npmjs.org/@rollup%2frollup-linux-loong64-gnu 175ms (cache updated)
630 silly packumentCache full:https://registry.npmjs.org/@rollup%2frollup-linux-loong64-gnu set size:undefined disposed:false
631 http fetch GET 200 https://registry.npmjs.org/@rollup%2frollup-linux-riscv64-gnu 139ms (cache updated)
632 silly packumentCache full:https://registry.npmjs.org/@rollup%2frollup-linux-riscv64-gnu set size:undefined disposed:false
633 http fetch GET 200 https://registry.npmjs.org/@rollup%2frollup-linux-loong64-musl 117ms (cache updated)
634 silly packumentCache full:https://registry.npmjs.org/@rollup%2frollup-linux-loong64-musl set size:undefined disposed:false
635 http fetch GET 200 https://registry.npmjs.org/@rollup%2frollup-openharmony-arm64 155ms (cache updated)
636 silly packumentCache full:https://registry.npmjs.org/@rollup%2frollup-openharmony-arm64 set size:undefined disposed:false
637 http fetch GET 200 https://registry.npmjs.org/@rollup%2frollup-linux-riscv64-musl 147ms (cache updated)
638 silly packumentCache full:https://registry.npmjs.org/@rollup%2frollup-linux-riscv64-musl set size:undefined disposed:false
639 http fetch GET 200 https://registry.npmjs.org/@rollup%2frollup-linux-arm-gnueabihf 164ms (cache updated)
640 silly packumentCache full:https://registry.npmjs.org/@rollup%2frollup-linux-arm-gnueabihf set size:undefined disposed:false
641 http fetch GET 200 https://registry.npmjs.org/@rollup%2frollup-linux-arm-musleabihf 226ms (cache updated)
642 silly packumentCache full:https://registry.npmjs.org/@rollup%2frollup-linux-arm-musleabihf set size:undefined disposed:false
643 silly placeDep ROOT @esbuild/aix-ppc64@0.28.2 OK for: esbuild@0.28.2 want: 0.28.2
644 silly placeDep ROOT @esbuild/android-arm@0.28.2 OK for: esbuild@0.28.2 want: 0.28.2
645 silly placeDep ROOT @esbuild/android-arm64@0.28.2 OK for: esbuild@0.28.2 want: 0.28.2
646 silly placeDep ROOT @esbuild/android-x64@0.28.2 OK for: esbuild@0.28.2 want: 0.28.2
647 silly placeDep ROOT @esbuild/darwin-arm64@0.28.2 OK for: esbuild@0.28.2 want: 0.28.2
648 silly placeDep ROOT @esbuild/darwin-x64@0.28.2 OK for: esbuild@0.28.2 want: 0.28.2
649 silly placeDep ROOT @esbuild/freebsd-arm64@0.28.2 OK for: esbuild@0.28.2 want: 0.28.2
650 silly placeDep ROOT @esbuild/freebsd-x64@0.28.2 OK for: esbuild@0.28.2 want: 0.28.2
651 silly placeDep ROOT @esbuild/linux-arm@0.28.2 OK for: esbuild@0.28.2 want: 0.28.2
652 silly placeDep ROOT @esbuild/linux-arm64@0.28.2 OK for: esbuild@0.28.2 want: 0.28.2
653 silly placeDep ROOT @esbuild/linux-ia32@0.28.2 OK for: esbuild@0.28.2 want: 0.28.2
654 silly placeDep ROOT @esbuild/linux-loong64@0.28.2 OK for: esbuild@0.28.2 want: 0.28.2
655 silly placeDep ROOT @esbuild/linux-mips64el@0.28.2 OK for: esbuild@0.28.2 want: 0.28.2
656 silly placeDep ROOT @esbuild/linux-ppc64@0.28.2 OK for: esbuild@0.28.2 want: 0.28.2
657 silly placeDep ROOT @esbuild/linux-riscv64@0.28.2 OK for: esbuild@0.28.2 want: 0.28.2
658 silly placeDep ROOT @esbuild/linux-s390x@0.28.2 OK for: esbuild@0.28.2 want: 0.28.2
659 silly placeDep ROOT @esbuild/linux-x64@0.28.2 OK for: esbuild@0.28.2 want: 0.28.2
660 silly placeDep ROOT @esbuild/netbsd-arm64@0.28.2 OK for: esbuild@0.28.2 want: 0.28.2
661 silly placeDep ROOT @esbuild/netbsd-x64@0.28.2 OK for: esbuild@0.28.2 want: 0.28.2
662 silly placeDep ROOT @esbuild/openbsd-arm64@0.28.2 OK for: esbuild@0.28.2 want: 0.28.2
663 silly placeDep ROOT @esbuild/openbsd-x64@0.28.2 OK for: esbuild@0.28.2 want: 0.28.2
664 silly placeDep ROOT @esbuild/openharmony-arm64@0.28.2 OK for: esbuild@0.28.2 want: 0.28.2
665 silly placeDep ROOT @esbuild/sunos-x64@0.28.2 OK for: esbuild@0.28.2 want: 0.28.2
666 silly placeDep ROOT @esbuild/win32-arm64@0.28.2 OK for: esbuild@0.28.2 want: 0.28.2
667 silly placeDep ROOT @esbuild/win32-ia32@0.28.2 OK for: esbuild@0.28.2 want: 0.28.2
668 silly placeDep ROOT @esbuild/win32-x64@0.28.2 OK for: esbuild@0.28.2 want: 0.28.2
669 silly placeDep ROOT nanoid@3.3.19 OK for: postcss@8.5.28 want: ^3.3.18
670 silly placeDep ROOT source-map-js@1.2.1 OK for: postcss@8.5.28 want: ^1.2.1
671 silly placeDep ROOT @napi-rs/lzma-linux-x64-gnu@1.5.1 OK for: rollup@4.63.4 want: 1.5.1
672 silly placeDep ROOT @rollup/rollup-android-arm-eabi@4.63.4 OK for: rollup@4.63.4 want: 4.63.4
673 silly placeDep ROOT @rollup/rollup-android-arm64@4.63.4 OK for: rollup@4.63.4 want: 4.63.4
674 silly placeDep ROOT @rollup/rollup-darwin-arm64@4.63.4 OK for: rollup@4.63.4 want: 4.63.4
675 silly placeDep ROOT @rollup/rollup-darwin-x64@4.63.4 OK for: rollup@4.63.4 want: 4.63.4
676 silly placeDep ROOT @rollup/rollup-freebsd-arm64@4.63.4 OK for: rollup@4.63.4 want: 4.63.4
677 silly placeDep ROOT @rollup/rollup-freebsd-x64@4.63.4 OK for: rollup@4.63.4 want: 4.63.4
678 silly placeDep ROOT @rollup/rollup-linux-arm-gnueabihf@4.63.4 OK for: rollup@4.63.4 want: 4.63.4
679 silly placeDep ROOT @rollup/rollup-linux-arm-musleabihf@4.63.4 OK for: rollup@4.63.4 want: 4.63.4
680 silly placeDep ROOT @rollup/rollup-linux-arm64-gnu@4.63.4 OK for: rollup@4.63.4 want: 4.63.4
681 silly placeDep ROOT @rollup/rollup-linux-arm64-musl@4.63.4 OK for: rollup@4.63.4 want: 4.63.4
682 silly placeDep ROOT @rollup/rollup-linux-loong64-gnu@4.63.4 OK for: rollup@4.63.4 want: 4.63.4
683 silly placeDep ROOT @rollup/rollup-linux-loong64-musl@4.63.4 OK for: rollup@4.63.4 want: 4.63.4
684 silly placeDep ROOT @rollup/rollup-linux-ppc64-gnu@4.63.4 OK for: rollup@4.63.4 want: 4.63.4
685 silly placeDep ROOT @rollup/rollup-linux-ppc64-musl@4.63.4 OK for: rollup@4.63.4 want: 4.63.4
686 silly placeDep ROOT @rollup/rollup-linux-riscv64-gnu@4.63.4 OK for: rollup@4.63.4 want: 4.63.4
687 silly placeDep ROOT @rollup/rollup-linux-riscv64-musl@4.63.4 OK for: rollup@4.63.4 want: 4.63.4
688 silly placeDep ROOT @rollup/rollup-linux-s390x-gnu@4.63.4 OK for: rollup@4.63.4 want: 4.63.4
689 silly placeDep ROOT @rollup/rollup-linux-x64-gnu@4.63.4 OK for: rollup@4.63.4 want: 4.63.4
690 silly placeDep ROOT @rollup/rollup-linux-x64-musl@4.63.4 OK for: rollup@4.63.4 want: 4.63.4
691 silly placeDep ROOT @rollup/rollup-openbsd-x64@4.63.4 OK for: rollup@4.63.4 want: 4.63.4
692 silly placeDep ROOT @rollup/rollup-openharmony-arm64@4.63.4 OK for: rollup@4.63.4 want: 4.63.4
693 silly placeDep ROOT @rollup/rollup-win32-arm64-msvc@4.63.4 OK for: rollup@4.63.4 want: 4.63.4
694 silly placeDep ROOT @rollup/rollup-win32-ia32-msvc@4.63.4 OK for: rollup@4.63.4 want: 4.63.4
695 silly placeDep ROOT @rollup/rollup-win32-x64-gnu@4.63.4 OK for: rollup@4.63.4 want: 4.63.4
696 silly placeDep ROOT @rollup/rollup-win32-x64-msvc@4.63.4 OK for: rollup@4.63.4 want: 4.63.4
697 silly placeDep ROOT @types/estree@1.0.9 OK for: rollup@4.63.4 want: 1.0.9
698 silly reify moves {}
699 silly audit bulk request {
699 silly audit   '@types/react': [ '19.3.0' ],
699 silly audit   '@types/react-dom': [ '19.3.0' ],
699 silly audit   '@vitejs/plugin-react': [ '5.2.0' ],
699 silly audit   vite: [ '7.3.6' ],
699 silly audit   react: [ '19.3.0' ],
699 silly audit   'react-dom': [ '19.3.0' ],
699 silly audit   typescript: [ '5.9.3' ],
699 silly audit   csstype: [ '3.2.3' ],
699 silly audit   '@babel/core': [ '7.29.7' ],
699 silly audit   '@babel/plugin-transform-react-jsx-self': [ '7.29.7' ],
699 silly audit   '@babel/plugin-transform-react-jsx-source': [ '7.29.7' ],
699 silly audit   '@rolldown/pluginutils': [ '1.0.0-rc.3' ],
699 silly audit   '@types/babel__core': [ '7.20.5' ],
699 silly audit   'react-refresh': [ '0.18.0' ],
699 silly audit   '@babel/code-frame': [ '7.29.7' ],
699 silly audit   '@babel/generator': [ '7.29.8' ],
699 silly audit   '@babel/helper-compilation-targets': [ '7.29.7' ],
699 silly audit   '@babel/helper-module-transforms': [ '7.29.7' ],
699 silly audit   '@babel/helpers': [ '7.29.7' ],
699 silly audit   '@babel/parser': [ '7.29.9' ],
699 silly audit   '@babel/template': [ '7.29.7' ],
699 silly audit   '@babel/traverse': [ '7.29.8' ],
699 silly audit   '@babel/types': [ '7.29.8' ],
699 silly audit   '@jridgewell/remapping': [ '2.3.5' ],
699 silly audit   'convert-source-map': [ '2.0.0' ],
699 silly audit   debug: [ '4.4.3' ],
699 silly audit   gensync: [ '1.0.0-beta.2' ],
699 silly audit   json5: [ '2.2.3' ],
699 silly audit   semver: [ '6.3.1' ],
699 silly audit   '@babel/helper-validator-identifier': [ '7.29.7' ],
699 silly audit   'js-tokens': [ '4.0.0' ],
699 silly audit   picocolors: [ '1.1.1' ],
699 silly audit   '@jridgewell/gen-mapping': [ '0.3.13' ],
699 silly audit   '@jridgewell/trace-mapping': [ '0.3.31' ],
699 silly audit   jsesc: [ '3.1.0' ],
699 silly audit   '@babel/compat-data': [ '7.29.7' ],
699 silly audit   '@babel/helper-validator-option': [ '7.29.7' ],
699 silly audit   browserslist: [ '4.29.0' ],
699 silly audit   'lru-cache': [ '5.1.1' ],
699 silly audit   '@babel/helper-module-imports': [ '7.29.7' ],
699 silly audit   '@babel/helper-plugin-utils': [ '7.29.7' ],
699 silly audit   '@babel/helper-globals': [ '7.29.7' ],
699 silly audit   '@babel/helper-string-parser': [ '7.29.7' ],
699 silly audit   '@jridgewell/sourcemap-codec': [ '1.6.0' ],
699 silly audit   '@jridgewell/resolve-uri': [ '3.1.2' ],
699 silly audit   '@types/babel__generator': [ '7.27.0' ],
699 silly audit   '@types/babel__template': [ '7.4.4' ],
699 silly audit   '@types/babel__traverse': [ '7.28.0' ],
699 silly audit   'baseline-browser-mapping': [ '2.11.25' ],
699 silly audit   'caniuse-lite': [ '1.0.30001810' ],
699 silly audit   'electron-to-chromium': [ '1.5.433' ],
699 silly audit   'node-releases': [ '2.0.56' ],
699 silly audit   'update-browserslist-db': [ '1.3.3' ],
699 silly audit   ms: [ '2.1.3' ],
699 silly audit   yallist: [ '3.1.1' ],
699 silly audit   scheduler: [ '0.28.0' ],
699 silly audit   escalade: [ '3.2.0' ],
699 silly audit   esbuild: [ '0.28.2' ],
699 silly audit   fdir: [ '6.5.0' ],
699 silly audit   fsevents: [ '2.3.3' ],
699 silly audit   picomatch: [ '4.0.7' ],
699 silly audit   postcss: [ '8.5.28' ],
699 silly audit   rollup: [ '4.63.4' ],
699 silly audit   tinyglobby: [ '0.2.17' ],
699 silly audit   '@esbuild/aix-ppc64': [ '0.28.2' ],
699 silly audit   '@esbuild/android-arm': [ '0.28.2' ],
699 silly audit   '@esbuild/android-arm64': [ '0.28.2' ],
699 silly audit   '@esbuild/android-x64': [ '0.28.2' ],
699 silly audit   '@esbuild/darwin-arm64': [ '0.28.2' ],
699 silly audit   '@esbuild/darwin-x64': [ '0.28.2' ],
699 silly audit   '@esbuild/freebsd-arm64': [ '0.28.2' ],
699 silly audit   '@esbuild/freebsd-x64': [ '0.28.2' ],
699 silly audit   '@esbuild/linux-arm': [ '0.28.2' ],
699 silly audit   '@esbuild/linux-arm64': [ '0.28.2' ],
699 silly audit   '@esbuild/linux-ia32': [ '0.28.2' ],
699 silly audit   '@esbuild/linux-loong64': [ '0.28.2' ],
699 silly audit   '@esbuild/linux-mips64el': [ '0.28.2' ],
699 silly audit   '@esbuild/linux-ppc64': [ '0.28.2' ],
699 silly audit   '@esbuild/linux-riscv64': [ '0.28.2' ],
699 silly audit   '@esbuild/linux-s390x': [ '0.28.2' ],
699 silly audit   '@esbuild/linux-x64': [ '0.28.2' ],
699 silly audit   '@esbuild/netbsd-arm64': [ '0.28.2' ],
699 silly audit   '@esbuild/netbsd-x64': [ '0.28.2' ],
699 silly audit   '@esbuild/openbsd-arm64': [ '0.28.2' ],
699 silly audit   '@esbuild/openbsd-x64': [ '0.28.2' ],
699 silly audit   '@esbuild/openharmony-arm64': [ '0.28.2' ],
699 silly audit   '@esbuild/sunos-x64': [ '0.28.2' ],
699 silly audit   '@esbuild/win32-arm64': [ '0.28.2' ],
699 silly audit   '@esbuild/win32-ia32': [ '0.28.2' ],
699 silly audit   '@esbuild/win32-x64': [ '0.28.2' ],
699 silly audit   nanoid: [ '3.3.19' ],
699 silly audit   'source-map-js': [ '1.2.1' ],
699 silly audit   '@napi-rs/lzma-linux-x64-gnu': [ '1.5.1' ],
699 silly audit   '@rollup/rollup-android-arm-eabi': [ '4.63.4' ],
699 silly audit   '@rollup/rollup-android-arm64': [ '4.63.4' ],
699 silly audit   '@rollup/rollup-darwin-arm64': [ '4.63.4' ],
699 silly audit   '@rollup/rollup-darwin-x64': [ '4.63.4' ],
699 silly audit   '@rollup/rollup-freebsd-arm64': [ '4.63.4' ],
699 silly audit   '@rollup/rollup-freebsd-x64': [ '4.63.4' ],
699 silly audit   '@rollup/rollup-linux-arm-gnueabihf': [ '4.63.4' ],
699 silly audit   '@rollup/rollup-linux-arm-musleabihf': [ '4.63.4' ],
699 silly audit   '@rollup/rollup-linux-arm64-gnu': [ '4.63.4' ],
699 silly audit   '@rollup/rollup-linux-arm64-musl': [ '4.63.4' ],
699 silly audit   '@rollup/rollup-linux-loong64-gnu': [ '4.63.4' ],
699 silly audit   '@rollup/rollup-linux-loong64-musl': [ '4.63.4' ],
699 silly audit   '@rollup/rollup-linux-ppc64-gnu': [ '4.63.4' ],
699 silly audit   '@rollup/rollup-linux-ppc64-musl': [ '4.63.4' ],
699 silly audit   '@rollup/rollup-linux-riscv64-gnu': [ '4.63.4' ],
699 silly audit   '@rollup/rollup-linux-riscv64-musl': [ '4.63.4' ],
699 silly audit   '@rollup/rollup-linux-s390x-gnu': [ '4.63.4' ],
699 silly audit   '@rollup/rollup-linux-x64-gnu': [ '4.63.4' ],
699 silly audit   '@rollup/rollup-linux-x64-musl': [ '4.63.4' ],
699 silly audit   '@rollup/rollup-openbsd-x64': [ '4.63.4' ],
699 silly audit   '@rollup/rollup-openharmony-arm64': [ '4.63.4' ],
699 silly audit   '@rollup/rollup-win32-arm64-msvc': [ '4.63.4' ],
699 silly audit   '@rollup/rollup-win32-ia32-msvc': [ '4.63.4' ],
699 silly audit   '@rollup/rollup-win32-x64-gnu': [ '4.63.4' ],
699 silly audit   '@rollup/rollup-win32-x64-msvc': [ '4.63.4' ],
699 silly audit   '@types/estree': [ '1.0.9' ]
699 silly audit }
700 http cache @rollup/rollup-android-arm64@https://registry.npmjs.org/@rollup/rollup-android-arm64/-/rollup-android-arm64-4.63.4.tgz 1ms (cache hit)
701 http cache nanoid@https://registry.npmjs.org/nanoid/-/nanoid-3.3.19.tgz 0ms (cache hit)
702 http cache @types/estree@https://registry.npmjs.org/@types/estree/-/estree-1.0.9.tgz 0ms (cache hit)
703 http cache @esbuild/android-arm64@https://registry.npmjs.org/@esbuild/android-arm64/-/android-arm64-0.28.2.tgz 0ms (cache hit)
704 http cache source-map-js@https://registry.npmjs.org/source-map-js/-/source-map-js-1.2.1.tgz 0ms (cache hit)
705 http cache postcss@https://registry.npmjs.org/postcss/-/postcss-8.5.28.tgz 0ms (cache hit)
706 http cache tinyglobby@https://registry.npmjs.org/tinyglobby/-/tinyglobby-0.2.17.tgz 0ms (cache hit)
707 http cache picomatch@https://registry.npmjs.org/picomatch/-/picomatch-4.0.7.tgz 0ms (cache hit)
708 http cache rollup@https://registry.npmjs.org/rollup/-/rollup-4.63.4.tgz 0ms (cache hit)
709 http cache fdir@https://registry.npmjs.org/fdir/-/fdir-6.5.0.tgz 0ms (cache hit)
710 http cache esbuild@https://registry.npmjs.org/esbuild/-/esbuild-0.28.2.tgz 0ms (cache hit)
711 http cache scheduler@https://registry.npmjs.org/scheduler/-/scheduler-0.28.0.tgz 0ms (cache hit)
712 http cache escalade@https://registry.npmjs.org/escalade/-/escalade-3.2.0.tgz 0ms (cache hit)
713 http cache yallist@https://registry.npmjs.org/yallist/-/yallist-3.1.1.tgz 0ms (cache hit)
714 http cache node-releases@https://registry.npmjs.org/node-releases/-/node-releases-2.0.56.tgz 0ms (cache hit)
715 http cache ms@https://registry.npmjs.org/ms/-/ms-2.1.3.tgz 0ms (cache hit)
716 http cache update-browserslist-db@https://registry.npmjs.org/update-browserslist-db/-/update-browserslist-db-1.3.3.tgz 0ms (cache hit)
717 http cache @types/babel__template@https://registry.npmjs.org/@types/babel__template/-/babel__template-7.4.4.tgz 0ms (cache hit)
718 http cache electron-to-chromium@https://registry.npmjs.org/electron-to-chromium/-/electron-to-chromium-1.5.433.tgz 0ms (cache hit)
719 http cache @types/babel__traverse@https://registry.npmjs.org/@types/babel__traverse/-/babel__traverse-7.28.0.tgz 0ms (cache hit)
720 http cache @jridgewell/resolve-uri@https://registry.npmjs.org/@jridgewell/resolve-uri/-/resolve-uri-3.1.2.tgz 0ms (cache hit)
721 http cache caniuse-lite@https://registry.npmjs.org/caniuse-lite/-/caniuse-lite-1.0.30001810.tgz 0ms (cache hit)
722 http cache @types/babel__generator@https://registry.npmjs.org/@types/babel__generator/-/babel__generator-7.27.0.tgz 0ms (cache hit)
723 http cache @jridgewell/sourcemap-codec@https://registry.npmjs.org/@jridgewell/sourcemap-codec/-/sourcemap-codec-1.6.0.tgz 0ms (cache hit)
724 http cache baseline-browser-mapping@https://registry.npmjs.org/baseline-browser-mapping/-/baseline-browser-mapping-2.11.25.tgz 0ms (cache hit)
725 http cache @babel/helper-plugin-utils@https://registry.npmjs.org/@babel/helper-plugin-utils/-/helper-plugin-utils-7.29.7.tgz 0ms (cache hit)
726 http cache @babel/helper-string-parser@https://registry.npmjs.org/@babel/helper-string-parser/-/helper-string-parser-7.29.7.tgz 0ms (cache hit)
727 http cache lru-cache@https://registry.npmjs.org/lru-cache/-/lru-cache-5.1.1.tgz 0ms (cache hit)
728 http cache browserslist@https://registry.npmjs.org/browserslist/-/browserslist-4.29.0.tgz 0ms (cache hit)
729 http cache @babel/helper-validator-option@https://registry.npmjs.org/@babel/helper-validator-option/-/helper-validator-option-7.29.7.tgz 0ms (cache hit)
730 http cache jsesc@https://registry.npmjs.org/jsesc/-/jsesc-3.1.0.tgz 0ms (cache hit)
731 http cache @babel/helper-globals@https://registry.npmjs.org/@babel/helper-globals/-/helper-globals-7.29.7.tgz 0ms (cache hit)
732 http cache @jridgewell/gen-mapping@https://registry.npmjs.org/@jridgewell/gen-mapping/-/gen-mapping-0.3.13.tgz 0ms (cache hit)
733 http cache @babel/helper-module-imports@https://registry.npmjs.org/@babel/helper-module-imports/-/helper-module-imports-7.29.7.tgz 0ms (cache hit)
734 http cache @jridgewell/trace-mapping@https://registry.npmjs.org/@jridgewell/trace-mapping/-/trace-mapping-0.3.31.tgz 0ms (cache hit)
735 http cache @babel/helper-validator-identifier@https://registry.npmjs.org/@babel/helper-validator-identifier/-/helper-validator-identifier-7.29.7.tgz 0ms (cache hit)
736 http cache picocolors@https://registry.npmjs.org/picocolors/-/picocolors-1.1.1.tgz 0ms (cache hit)
737 http cache @babel/compat-data@https://registry.npmjs.org/@babel/compat-data/-/compat-data-7.29.7.tgz 0ms (cache hit)
738 http cache json5@https://registry.npmjs.org/json5/-/json5-2.2.3.tgz 0ms (cache hit)
739 http cache js-tokens@https://registry.npmjs.org/js-tokens/-/js-tokens-4.0.0.tgz 0ms (cache hit)
740 http cache gensync@https://registry.npmjs.org/gensync/-/gensync-1.0.0-beta.2.tgz 0ms (cache hit)
741 http cache @babel/traverse@https://registry.npmjs.org/@babel/traverse/-/traverse-7.29.8.tgz 0ms (cache hit)
742 http cache debug@https://registry.npmjs.org/debug/-/debug-4.4.3.tgz 0ms (cache hit)
743 http cache @babel/types@https://registry.npmjs.org/@babel/types/-/types-7.29.8.tgz 0ms (cache hit)
744 http cache @jridgewell/remapping@https://registry.npmjs.org/@jridgewell/remapping/-/remapping-2.3.5.tgz 0ms (cache hit)
745 http cache semver@https://registry.npmjs.org/semver/-/semver-6.3.1.tgz 0ms (cache hit)
746 http cache convert-source-map@https://registry.npmjs.org/convert-source-map/-/convert-source-map-2.0.0.tgz 0ms (cache hit)
747 http cache @babel/parser@https://registry.npmjs.org/@babel/parser/-/parser-7.29.9.tgz 0ms (cache hit)
748 http cache @babel/helpers@https://registry.npmjs.org/@babel/helpers/-/helpers-7.29.7.tgz 0ms (cache hit)
749 http cache @babel/template@https://registry.npmjs.org/@babel/template/-/template-7.29.7.tgz 0ms (cache hit)
750 http cache react-refresh@https://registry.npmjs.org/react-refresh/-/react-refresh-0.18.0.tgz 0ms (cache hit)
751 http cache @babel/helper-compilation-targets@https://registry.npmjs.org/@babel/helper-compilation-targets/-/helper-compilation-targets-7.29.7.tgz 0ms (cache hit)
752 http cache @types/babel__core@https://registry.npmjs.org/@types/babel__core/-/babel__core-7.20.5.tgz 0ms (cache hit)
753 http cache @rolldown/pluginutils@https://registry.npmjs.org/@rolldown/pluginutils/-/pluginutils-1.0.0-rc.3.tgz 0ms (cache hit)
754 http cache @babel/generator@https://registry.npmjs.org/@babel/generator/-/generator-7.29.8.tgz 0ms (cache hit)
755 http cache @babel/helper-module-transforms@https://registry.npmjs.org/@babel/helper-module-transforms/-/helper-module-transforms-7.29.7.tgz 0ms (cache hit)
756 http cache @babel/plugin-transform-react-jsx-self@https://registry.npmjs.org/@babel/plugin-transform-react-jsx-self/-/plugin-transform-react-jsx-self-7.29.7.tgz 0ms (cache hit)
757 http cache @babel/code-frame@https://registry.npmjs.org/@babel/code-frame/-/code-frame-7.29.7.tgz 0ms (cache hit)
758 http cache csstype@https://registry.npmjs.org/csstype/-/csstype-3.2.3.tgz 0ms (cache hit)
759 http cache typescript@https://registry.npmjs.org/typescript/-/typescript-5.9.3.tgz 1ms (cache hit)
760 http cache @babel/plugin-transform-react-jsx-source@https://registry.npmjs.org/@babel/plugin-transform-react-jsx-source/-/plugin-transform-react-jsx-source-7.29.7.tgz 0ms (cache hit)
761 http cache @babel/core@https://registry.npmjs.org/@babel/core/-/core-7.29.7.tgz 0ms (cache hit)
762 http cache react@https://registry.npmjs.org/react/-/react-19.3.0.tgz 0ms (cache hit)
763 silly tarball no local data for nanoid@https://registry.npmjs.org/nanoid/-/nanoid-3.3.19.tgz. Extracting by manifest.
764 http cache @vitejs/plugin-react@https://registry.npmjs.org/@vitejs/plugin-react/-/plugin-react-5.2.0.tgz 0ms (cache hit)
765 http cache @types/react-dom@https://registry.npmjs.org/@types/react-dom/-/react-dom-19.3.0.tgz 0ms (cache hit)
766 silly tarball no local data for @esbuild/android-arm64@https://registry.npmjs.org/@esbuild/android-arm64/-/android-arm64-0.28.2.tgz. Extracting by manifest.
767 silly tarball no local data for postcss@https://registry.npmjs.org/postcss/-/postcss-8.5.28.tgz. Extracting by manifest.
768 silly tarball no local data for @rollup/rollup-android-arm64@https://registry.npmjs.org/@rollup/rollup-android-arm64/-/rollup-android-arm64-4.63.4.tgz. Extracting by manifest.
769 silly tarball no local data for picomatch@https://registry.npmjs.org/picomatch/-/picomatch-4.0.7.tgz. Extracting by manifest.
770 silly tarball no local data for rollup@https://registry.npmjs.org/rollup/-/rollup-4.63.4.tgz. Extracting by manifest.
771 silly tarball no local data for esbuild@https://registry.npmjs.org/esbuild/-/esbuild-0.28.2.tgz. Extracting by manifest.
772 http cache react-dom@https://registry.npmjs.org/react-dom/-/react-dom-19.3.0.tgz 0ms (cache hit)
773 silly tarball no local data for scheduler@https://registry.npmjs.org/scheduler/-/scheduler-0.28.0.tgz. Extracting by manifest.
774 silly tarball no local data for node-releases@https://registry.npmjs.org/node-releases/-/node-releases-2.0.56.tgz. Extracting by manifest.
775 silly tarball no local data for update-browserslist-db@https://registry.npmjs.org/update-browserslist-db/-/update-browserslist-db-1.3.3.tgz. Extracting by manifest.
776 silly tarball no local data for electron-to-chromium@https://registry.npmjs.org/electron-to-chromium/-/electron-to-chromium-1.5.433.tgz. Extracting by manifest.
777 silly tarball no local data for caniuse-lite@https://registry.npmjs.org/caniuse-lite/-/caniuse-lite-1.0.30001810.tgz. Extracting by manifest.
778 silly tarball no local data for @jridgewell/sourcemap-codec@https://registry.npmjs.org/@jridgewell/sourcemap-codec/-/sourcemap-codec-1.6.0.tgz. Extracting by manifest.
779 silly tarball no local data for baseline-browser-mapping@https://registry.npmjs.org/baseline-browser-mapping/-/baseline-browser-mapping-2.11.25.tgz. Extracting by manifest.
780 silly tarball no local data for browserslist@https://registry.npmjs.org/browserslist/-/browserslist-4.29.0.tgz. Extracting by manifest.
781 silly tarball no local data for @babel/traverse@https://registry.npmjs.org/@babel/traverse/-/traverse-7.29.8.tgz. Extracting by manifest.
782 silly tarball no local data for @babel/types@https://registry.npmjs.org/@babel/types/-/types-7.29.8.tgz. Extracting by manifest.
783 silly tarball no local data for @babel/parser@https://registry.npmjs.org/@babel/parser/-/parser-7.29.9.tgz. Extracting by manifest.
784 http cache @types/react@https://registry.npmjs.org/@types/react/-/react-19.3.0.tgz 0ms (cache hit)
785 silly tarball no local data for react-refresh@https://registry.npmjs.org/react-refresh/-/react-refresh-0.18.0.tgz. Extracting by manifest.
786 silly tarball no local data for @rolldown/pluginutils@https://registry.npmjs.org/@rolldown/pluginutils/-/pluginutils-1.0.0-rc.3.tgz. Extracting by manifest.
787 silly tarball no local data for @babel/generator@https://registry.npmjs.org/@babel/generator/-/generator-7.29.8.tgz. Extracting by manifest.
788 silly tarball no local data for typescript@https://registry.npmjs.org/typescript/-/typescript-5.9.3.tgz. Extracting by manifest.
789 http cache vite@https://registry.npmjs.org/vite/-/vite-7.3.6.tgz 0ms (cache hit)
790 silly tarball no local data for react@https://registry.npmjs.org/react/-/react-19.3.0.tgz. Extracting by manifest.
791 silly tarball no local data for @vitejs/plugin-react@https://registry.npmjs.org/@vitejs/plugin-react/-/plugin-react-5.2.0.tgz. Extracting by manifest.
792 silly tarball no local data for @types/react-dom@https://registry.npmjs.org/@types/react-dom/-/react-dom-19.3.0.tgz. Extracting by manifest.
793 silly tarball no local data for react-dom@https://registry.npmjs.org/react-dom/-/react-dom-19.3.0.tgz. Extracting by manifest.
794 silly tarball no local data for @types/react@https://registry.npmjs.org/@types/react/-/react-19.3.0.tgz. Extracting by manifest.
795 silly tarball no local data for vite@https://registry.npmjs.org/vite/-/vite-7.3.6.tgz. Extracting by manifest.
796 http fetch GET 200 https://registry.npmjs.org/nanoid/-/nanoid-3.3.19.tgz 360ms (cache miss)
797 http fetch GET 200 https://registry.npmjs.org/browserslist/-/browserslist-4.29.0.tgz 386ms (cache miss)
798 http fetch GET 200 https://registry.npmjs.org/node-releases/-/node-releases-2.0.56.tgz 414ms (cache miss)
799 http fetch GET 200 https://registry.npmjs.org/picomatch/-/picomatch-4.0.7.tgz 420ms (cache miss)
800 http fetch GET 200 https://registry.npmjs.org/update-browserslist-db/-/update-browserslist-db-1.3.3.tgz 462ms (cache miss)
801 http fetch POST 200 https://registry.npmjs.org/-/npm/v1/security/advisories/bulk 662ms
802 silly audit report {}
803 http fetch GET 200 https://registry.npmjs.org/react-refresh/-/react-refresh-0.18.0.tgz 529ms (cache miss)
804 http fetch GET 200 https://registry.npmjs.org/baseline-browser-mapping/-/baseline-browser-mapping-2.11.25.tgz 565ms (cache miss)
805 http fetch GET 200 https://registry.npmjs.org/esbuild/-/esbuild-0.28.2.tgz 576ms (cache miss)
806 http fetch GET 200 https://registry.npmjs.org/@rolldown/pluginutils/-/pluginutils-1.0.0-rc.3.tgz 617ms (cache miss)
807 http fetch GET 200 https://registry.npmjs.org/electron-to-chromium/-/electron-to-chromium-1.5.433.tgz 654ms (cache miss)
808 http fetch GET 200 https://registry.npmjs.org/scheduler/-/scheduler-0.28.0.tgz 725ms (cache miss)
809 http fetch GET 200 https://registry.npmjs.org/@jridgewell/sourcemap-codec/-/sourcemap-codec-1.6.0.tgz 723ms (cache miss)
810 http fetch GET 200 https://registry.npmjs.org/react/-/react-19.3.0.tgz 745ms (cache miss)
811 http fetch GET 200 https://registry.npmjs.org/postcss/-/postcss-8.5.28.tgz 776ms (cache miss)
812 http fetch GET 200 https://registry.npmjs.org/@vitejs/plugin-react/-/plugin-react-5.2.0.tgz 824ms (cache miss)
813 http fetch GET 200 https://registry.npmjs.org/@types/react-dom/-/react-dom-19.3.0.tgz 845ms (cache miss)
814 http fetch GET 200 https://registry.npmjs.org/@babel/traverse/-/traverse-7.29.8.tgz 953ms (cache miss)
815 http fetch GET 200 https://registry.npmjs.org/@types/react/-/react-19.3.0.tgz 932ms (cache miss)
816 http fetch GET 200 https://registry.npmjs.org/@babel/generator/-/generator-7.29.8.tgz 1000ms (cache miss)
817 http fetch GET 200 https://registry.npmjs.org/@babel/parser/-/parser-7.29.9.tgz 1060ms (cache miss)
818 http fetch GET 200 https://registry.npmjs.org/@babel/types/-/types-7.29.8.tgz 1514ms (cache miss)
819 http fetch GET 200 https://registry.npmjs.org/react-dom/-/react-dom-19.3.0.tgz 2580ms (cache miss)
820 http fetch GET 200 https://registry.npmjs.org/vite/-/vite-7.3.6.tgz 2841ms (cache miss)
821 http fetch GET 200 https://registry.npmjs.org/rollup/-/rollup-4.63.4.tgz 3180ms (cache miss)
822 http fetch GET 200 https://registry.npmjs.org/caniuse-lite/-/caniuse-lite-1.0.30001810.tgz 3777ms (cache miss)
823 http fetch GET 200 https://registry.npmjs.org/@esbuild/android-arm64/-/android-arm64-0.28.2.tgz 5067ms (cache miss)
824 http fetch GET 200 https://registry.npmjs.org/@rollup/rollup-android-arm64/-/rollup-android-arm64-4.63.4.tgz 5858ms (cache miss)
825 http fetch GET 200 https://registry.npmjs.org/typescript/-/typescript-5.9.3.tgz 8075ms (cache miss)
826 verbose stack Error: EACCES: permission denied, symlink '../@babel/parser/bin/babel-parser.js' -> '/storage/emulated/0/Download/CLINT-TRADE-V2/node_modules/.bin/parser'
826 verbose stack     at async symlink (node:internal/fs/promises:1650:10)
826 verbose stack     at async Promise.all (index 0)
826 verbose stack     at async Promise.all (index 0)
826 verbose stack     at async RetryOperation.<anonymous> (/data/data/com.termux/files/usr/lib/node_modules/npm/node_modules/@gar/promise-retry/lib/index.js:46:24)
827 error code EACCES
828 error syscall symlink
829 error path ../@babel/parser/bin/babel-parser.js
830 error dest /storage/emulated/0/Download/CLINT-TRADE-V2/node_modules/.bin/parser
831 error errno -13
832 error Error: EACCES: permission denied, symlink '../@babel/parser/bin/babel-parser.js' -> '/storage/emulated/0/Download/CLINT-TRADE-V2/node_modules/.bin/parser'
832 error     at async symlink (node:internal/fs/promises:1650:10)
832 error     at async Promise.all (index 0)
832 error     at async Promise.all (index 0)
832 error     at async RetryOperation.<anonymous> (/data/data/com.termux/files/usr/lib/node_modules/npm/node_modules/@gar/promise-retry/lib/index.js:46:24) {
832 error   errno: -13,
832 error   code: 'EACCES',
832 error   syscall: 'symlink',
832 error   path: '../@babel/parser/bin/babel-parser.js',
832 error   dest: '/storage/emulated/0/Download/CLINT-TRADE-V2/node_modules/.bin/parser'
832 error }
833 error
833 error The operation was rejected by your operating system.
833 error It is likely you do not have the permissions to access this file as the current user
833 error
833 error If you believe this might be a permissions issue, please double-check the permissions of the file and its containing directories, or try running the command again as root/Administrator.
834 silly unfinished npm timer reify 1789984978650
835 silly unfinished npm timer reify:build 1789985011717
836 silly unfinished npm timer build 1789985011717
837 silly unfinished npm timer build:deps 1789985011717
838 silly unfinished npm timer build:link 1789985011734
839 silly unfinished npm timer build:link:node_modules/@babel/parser 1789985011734
840 silly unfinished npm timer build:link:node_modules/baseline-browser-mapping 1789985011735
841 silly unfinished npm timer build:link:node_modules/browserslist 1789985011736
842 silly unfinished npm timer build:link:node_modules/esbuild 1789985011736
843 silly unfinished npm timer build:link:node_modules/jsesc 1789985011736
844 silly unfinished npm timer build:link:node_modules/json5 1789985011736
845 silly unfinished npm timer build:link:node_modules/nanoid 1789985011737
846 silly unfinished npm timer build:link:node_modules/rollup 1789985011737
847 silly unfinished npm timer build:link:node_modules/semver 1789985011737
848 silly unfinished npm timer build:link:node_modules/typescript 1789985011737
849 silly unfinished npm timer build:link:node_modules/update-browserslist-db 1789985011737
850 silly unfinished npm timer build:link:node_modules/vite 1789985011737
851 verbose cwd /storage/emulated/0/Download/CLINT-TRADE-V2
852 verbose os Linux 6.6.77-android15-8-g4a507830d890-ab13636293-4k
853 verbose node v26.3.1
854 verbose npm  v11.18.0
855 verbose exit -13
856 verbose code -13
857 error A complete log of this run can be found in: /data/data/com.termux/files/home/.npm/_logs/2026-09-21T10_02_57_323Z-debug-0.log
