0 verbose cli /data/data/com.termux/files/usr/bin/node /data/data/com.termux/files/usr/bin/npm
1 info using npm@11.18.0
2 info using node@v26.3.1
3 silly config load:file:/data/data/com.termux/files/usr/lib/node_modules/npm/npmrc
4 silly config load:file:/data/data/com.termux/files/home/.npmrc
5 silly config load:file:/data/data/com.termux/files/usr/etc/npmrc
6 verbose title npm install
7 verbose argv "install"
8 verbose logfile logs-max:10 dir:/data/data/com.termux/files/home/.npm/_logs/2026-09-20T01_53_54_803Z-
9 verbose logfile /data/data/com.termux/files/home/.npm/_logs/2026-09-20T01_53_54_803Z-debug-0.log
10 silly logfile done cleaning log files
11 silly allow-scripts no package.json at prefix Could not read package.json: Error: ENOENT: no such file or directory, open '/data/data/com.termux/files/home/package.json'
12 silly packumentCache heap:2248146944 maxSize:562036736 maxEntrySize:281018368
13 silly idealTree buildDeps
14 silly reify moves {}
15 verbose stack Error: Could not read package.json: Error: ENOENT: no such file or directory, open '/data/data/com.termux/files/home/package.json'
15 verbose stack     at async open (node:internal/fs/promises:1287:25)
15 verbose stack     at async readFile (node:internal/fs/promises:1938:14)
15 verbose stack     at async read (/data/data/com.termux/files/usr/lib/node_modules/npm/node_modules/@npmcli/package-json/lib/read-package.js:9:18)
15 verbose stack     at async PackageJson.load (/data/data/com.termux/files/usr/lib/node_modules/npm/node_modules/@npmcli/package-json/lib/index.js:131:31)
15 verbose stack     at async PackageJson.normalize (/data/data/com.termux/files/usr/lib/node_modules/npm/node_modules/@npmcli/package-json/lib/index.js:117:5)
15 verbose stack     at async runScript (/data/data/com.termux/files/usr/lib/node_modules/npm/node_modules/@npmcli/run-script/lib/run-script.js:11:28)
15 verbose stack     at async Install.exec (/data/data/com.termux/files/usr/lib/node_modules/npm/lib/commands/install.js:171:9)
15 verbose stack     at async Npm.exec (/data/data/com.termux/files/usr/lib/node_modules/npm/lib/npm.js:193:9)
15 verbose stack     at async module.exports (/data/data/com.termux/files/usr/lib/node_modules/npm/lib/cli/entry.js:67:5)
16 error code ENOENT
17 error syscall open
18 error path /data/data/com.termux/files/home/package.json
19 error errno -2
20 error enoent Could not read package.json: Error: ENOENT: no such file or directory, open '/data/data/com.termux/files/home/package.json'
21 error enoent This is related to npm not being able to find a file.
21 error enoent
22 verbose cwd /data/data/com.termux/files/home
23 verbose os Linux 6.6.77-android15-8-g4a507830d890-ab13636293-4k
24 verbose node v26.3.1
25 verbose npm  v11.18.0
26 verbose exit -2
27 verbose code -2
28 error A complete log of this run can be found in: /data/data/com.termux/files/home/.npm/_logs/2026-09-20T01_53_54_803Z-debug-0.log
