0 verbose cli /data/data/com.termux/files/usr/bin/node /data/data/com.termux/files/usr/bin/npm
1 info using npm@11.18.0
2 info using node@v26.3.1
3 silly config load:file:/data/data/com.termux/files/usr/lib/node_modules/npm/npmrc
4 silly config load:file:/data/data/com.termux/files/home/.npmrc
5 silly config load:file:/data/data/com.termux/files/usr/etc/npmrc
6 verbose title npm i @railway/cli
7 verbose argv "i" "--global" "@railway/cli"
8 verbose logfile logs-max:10 dir:/data/data/com.termux/files/home/.npm/_logs/2026-07-13T02_32_01_693Z-
9 verbose logfile /data/data/com.termux/files/home/.npm/_logs/2026-07-13T02_32_01_693Z-debug-0.log
10 silly packumentCache heap:2248146944 maxSize:562036736 maxEntrySize:281018368
11 silly logfile done cleaning log files
12 silly idealTree buildDeps
13 silly fetch manifest @railway/cli@*
14 silly packumentCache full:https://registry.npmjs.org/@railway%2fcli cache-miss
15 http fetch GET 200 https://registry.npmjs.org/@railway%2fcli 624ms (cache miss)
16 silly packumentCache full:https://registry.npmjs.org/@railway%2fcli set size:undefined disposed:false
17 silly placeDep ROOT @railway/cli@5.26.0 OK for:  want: *
18 silly fetch manifest @napi-rs/triples@^1.1.0
19 silly packumentCache full:https://registry.npmjs.org/@napi-rs%2ftriples cache-miss
20 silly fetch manifest node-fetch@^3.1.0
21 silly packumentCache full:https://registry.npmjs.org/node-fetch cache-miss
22 silly fetch manifest tar@^6.1.11
23 silly packumentCache full:https://registry.npmjs.org/tar cache-miss
24 http fetch GET 200 https://registry.npmjs.org/npm 792ms
25 http fetch GET 200 https://registry.npmjs.org/tar 509ms (cache miss)
26 silly packumentCache full:https://registry.npmjs.org/tar set size:undefined disposed:false
27 http fetch GET 200 https://registry.npmjs.org/node-fetch 567ms (cache miss)
28 silly packumentCache full:https://registry.npmjs.org/node-fetch set size:undefined disposed:false
29 http fetch GET 200 https://registry.npmjs.org/@napi-rs%2ftriples 907ms (cache miss)
30 silly packumentCache full:https://registry.npmjs.org/@napi-rs%2ftriples set size:undefined disposed:false
31 silly placeDep node_modules/@railway/cli @napi-rs/triples@1.2.0 OK for: @railway/cli@5.26.0 want: ^1.1.0
32 silly placeDep node_modules/@railway/cli node-fetch@3.3.2 OK for: @railway/cli@5.26.0 want: ^3.1.0
33 silly placeDep node_modules/@railway/cli tar@6.2.1 OK for: @railway/cli@5.26.0 want: ^6.1.11
34 silly fetch manifest data-uri-to-buffer@^4.0.0
35 silly packumentCache full:https://registry.npmjs.org/data-uri-to-buffer cache-miss
36 silly fetch manifest fetch-blob@^3.1.4
37 silly packumentCache full:https://registry.npmjs.org/fetch-blob cache-miss
38 silly fetch manifest formdata-polyfill@^4.0.10
39 silly packumentCache full:https://registry.npmjs.org/formdata-polyfill cache-miss
40 silly fetch manifest chownr@^2.0.0
41 silly packumentCache full:https://registry.npmjs.org/chownr cache-miss
42 silly fetch manifest mkdirp@^1.0.3
43 silly packumentCache full:https://registry.npmjs.org/mkdirp cache-miss
44 silly fetch manifest yallist@^4.0.0
45 silly packumentCache full:https://registry.npmjs.org/yallist cache-miss
46 silly fetch manifest minipass@^5.0.0
47 silly packumentCache full:https://registry.npmjs.org/minipass cache-miss
48 http fetch GET 200 https://registry.npmjs.org/data-uri-to-buffer 88ms (cache miss)
49 silly packumentCache full:https://registry.npmjs.org/data-uri-to-buffer set size:undefined disposed:false
50 silly fetch manifest minizlib@^2.1.1
51 silly packumentCache full:https://registry.npmjs.org/minizlib cache-miss
52 http fetch GET 200 https://registry.npmjs.org/chownr 91ms (cache miss)
53 silly packumentCache full:https://registry.npmjs.org/chownr set size:undefined disposed:false
54 silly fetch manifest fs-minipass@^2.0.0
55 silly packumentCache full:https://registry.npmjs.org/fs-minipass cache-miss
56 http fetch GET 200 https://registry.npmjs.org/fetch-blob 101ms (cache miss)
57 silly packumentCache full:https://registry.npmjs.org/fetch-blob set size:undefined disposed:false
58 http fetch GET 200 https://registry.npmjs.org/formdata-polyfill 107ms (cache miss)
59 silly packumentCache full:https://registry.npmjs.org/formdata-polyfill set size:undefined disposed:false
60 http fetch GET 200 https://registry.npmjs.org/fs-minipass 138ms (cache miss)
61 silly packumentCache full:https://registry.npmjs.org/fs-minipass set size:undefined disposed:false
62 http fetch GET 200 https://registry.npmjs.org/minizlib 144ms (cache miss)
63 silly packumentCache full:https://registry.npmjs.org/minizlib set size:undefined disposed:false
64 http fetch GET 200 https://registry.npmjs.org/mkdirp 304ms (cache miss)
65 silly packumentCache full:https://registry.npmjs.org/mkdirp set size:undefined disposed:false
66 http fetch GET 200 https://registry.npmjs.org/yallist 362ms (cache revalidated)
67 silly packumentCache full:https://registry.npmjs.org/yallist set size:34610 disposed:false
68 http fetch GET 200 https://registry.npmjs.org/minipass 369ms (cache miss)
69 silly packumentCache full:https://registry.npmjs.org/minipass set size:undefined disposed:false
70 silly placeDep node_modules/@railway/cli data-uri-to-buffer@4.0.1 OK for: node-fetch@3.3.2 want: ^4.0.0
71 silly placeDep node_modules/@railway/cli fetch-blob@3.2.0 OK for: node-fetch@3.3.2 want: ^3.1.4
72 silly placeDep node_modules/@railway/cli formdata-polyfill@4.0.10 OK for: node-fetch@3.3.2 want: ^4.0.10
73 silly fetch manifest node-domexception@^1.0.0
74 silly packumentCache full:https://registry.npmjs.org/node-domexception cache-miss
75 silly fetch manifest web-streams-polyfill@^3.0.3
76 silly packumentCache full:https://registry.npmjs.org/web-streams-polyfill cache-miss
77 http fetch GET 200 https://registry.npmjs.org/node-domexception 69ms (cache miss)
78 silly packumentCache full:https://registry.npmjs.org/node-domexception set size:undefined disposed:false
79 http fetch GET 200 https://registry.npmjs.org/web-streams-polyfill 100ms (cache miss)
80 silly packumentCache full:https://registry.npmjs.org/web-streams-polyfill set size:undefined disposed:false
81 silly placeDep node_modules/@railway/cli node-domexception@1.0.0 OK for: fetch-blob@3.2.0 want: ^1.0.0
82 silly placeDep node_modules/@railway/cli web-streams-polyfill@3.3.3 OK for: fetch-blob@3.2.0 want: ^3.0.3
83 silly placeDep node_modules/@railway/cli chownr@2.0.0 OK for: tar@6.2.1 want: ^2.0.0
84 silly placeDep node_modules/@railway/cli fs-minipass@2.1.0 OK for: tar@6.2.1 want: ^2.0.0
85 silly placeDep node_modules/@railway/cli minipass@5.0.0 OK for: tar@6.2.1 want: ^5.0.0
86 silly placeDep node_modules/@railway/cli minizlib@2.1.2 OK for: tar@6.2.1 want: ^2.1.1
87 silly placeDep node_modules/@railway/cli mkdirp@1.0.4 OK for: tar@6.2.1 want: ^1.0.3
88 silly placeDep node_modules/@railway/cli yallist@4.0.0 OK for: tar@6.2.1 want: ^4.0.0
89 silly fetch manifest minipass@^3.0.0
90 silly packumentCache full:https://registry.npmjs.org/minipass cache-miss
91 silly fetch manifest minipass@^3.0.0
92 silly packumentCache full:https://registry.npmjs.org/minipass cache-miss
93 http cache https://registry.npmjs.org/minipass 6ms (cache hit)
94 silly packumentCache full:https://registry.npmjs.org/minipass set size:276925 disposed:false
95 http cache https://registry.npmjs.org/minipass 12ms (cache hit)
96 silly packumentCache full:https://registry.npmjs.org/minipass set size:276925 disposed:false
97 silly packumentCache full:https://registry.npmjs.org/minipass dispose
98 silly placeDep node_modules/@railway/cli/node_modules/fs-minipass minipass@3.3.6 OK for: fs-minipass@2.1.0 want: ^3.0.0
99 silly placeDep node_modules/@railway/cli/node_modules/minizlib minipass@3.3.6 OK for: minizlib@2.1.2 want: ^3.0.0
100 silly reify moves {}
101 http cache minizlib@https://registry.npmjs.org/minizlib/-/minizlib-2.1.2.tgz 0ms (cache hit)
102 http cache minipass@https://registry.npmjs.org/minipass/-/minipass-3.3.6.tgz 0ms (cache hit)
103 http cache minipass@https://registry.npmjs.org/minipass/-/minipass-5.0.0.tgz 0ms (cache hit)
104 http cache fs-minipass@https://registry.npmjs.org/fs-minipass/-/fs-minipass-2.1.0.tgz 0ms (cache hit)
105 http cache minipass@https://registry.npmjs.org/minipass/-/minipass-3.3.6.tgz 0ms (cache hit)
106 http cache chownr@https://registry.npmjs.org/chownr/-/chownr-2.0.0.tgz 0ms (cache hit)
107 http cache web-streams-polyfill@https://registry.npmjs.org/web-streams-polyfill/-/web-streams-polyfill-3.3.3.tgz 0ms (cache hit)
108 http cache node-domexception@https://registry.npmjs.org/node-domexception/-/node-domexception-1.0.0.tgz 0ms (cache hit)
109 http cache formdata-polyfill@https://registry.npmjs.org/formdata-polyfill/-/formdata-polyfill-4.0.10.tgz 0ms (cache hit)
110 http cache fetch-blob@https://registry.npmjs.org/fetch-blob/-/fetch-blob-3.2.0.tgz 0ms (cache hit)
111 http cache data-uri-to-buffer@https://registry.npmjs.org/data-uri-to-buffer/-/data-uri-to-buffer-4.0.1.tgz 0ms (cache hit)
112 http cache tar@https://registry.npmjs.org/tar/-/tar-6.2.1.tgz 0ms (cache hit)
113 http cache node-fetch@https://registry.npmjs.org/node-fetch/-/node-fetch-3.3.2.tgz 0ms (cache hit)
114 http cache @railway/cli@https://registry.npmjs.org/@railway/cli/-/cli-5.26.0.tgz 0ms (cache hit)
115 http cache @napi-rs/triples@https://registry.npmjs.org/@napi-rs/triples/-/triples-1.2.0.tgz 0ms (cache hit)
116 http cache mkdirp@https://registry.npmjs.org/mkdirp/-/mkdirp-1.0.4.tgz 0ms (cache hit)
117 http cache yallist@https://registry.npmjs.org/yallist/-/yallist-4.0.0.tgz 0ms (cache hit)
118 silly tarball no local data for minizlib@https://registry.npmjs.org/minizlib/-/minizlib-2.1.2.tgz. Extracting by manifest.
119 silly tarball no local data for minipass@https://registry.npmjs.org/minipass/-/minipass-3.3.6.tgz. Extracting by manifest.
120 silly tarball no local data for minipass@https://registry.npmjs.org/minipass/-/minipass-5.0.0.tgz. Extracting by manifest.
121 silly tarball no local data for fs-minipass@https://registry.npmjs.org/fs-minipass/-/fs-minipass-2.1.0.tgz. Extracting by manifest.
122 silly tarball no local data for minipass@https://registry.npmjs.org/minipass/-/minipass-3.3.6.tgz. Extracting by manifest.
123 silly tarball no local data for chownr@https://registry.npmjs.org/chownr/-/chownr-2.0.0.tgz. Extracting by manifest.
124 silly tarball no local data for web-streams-polyfill@https://registry.npmjs.org/web-streams-polyfill/-/web-streams-polyfill-3.3.3.tgz. Extracting by manifest.
125 silly tarball no local data for node-domexception@https://registry.npmjs.org/node-domexception/-/node-domexception-1.0.0.tgz. Extracting by manifest.
126 silly tarball no local data for formdata-polyfill@https://registry.npmjs.org/formdata-polyfill/-/formdata-polyfill-4.0.10.tgz. Extracting by manifest.
127 silly tarball no local data for fetch-blob@https://registry.npmjs.org/fetch-blob/-/fetch-blob-3.2.0.tgz. Extracting by manifest.
128 silly tarball no local data for data-uri-to-buffer@https://registry.npmjs.org/data-uri-to-buffer/-/data-uri-to-buffer-4.0.1.tgz. Extracting by manifest.
129 silly tarball no local data for tar@https://registry.npmjs.org/tar/-/tar-6.2.1.tgz. Extracting by manifest.
130 silly tarball no local data for node-fetch@https://registry.npmjs.org/node-fetch/-/node-fetch-3.3.2.tgz. Extracting by manifest.
131 silly tarball no local data for @railway/cli@https://registry.npmjs.org/@railway/cli/-/cli-5.26.0.tgz. Extracting by manifest.
132 silly tarball no local data for @napi-rs/triples@https://registry.npmjs.org/@napi-rs/triples/-/triples-1.2.0.tgz. Extracting by manifest.
133 silly tarball no local data for mkdirp@https://registry.npmjs.org/mkdirp/-/mkdirp-1.0.4.tgz. Extracting by manifest.
134 silly tarball no local data for yallist@https://registry.npmjs.org/yallist/-/yallist-4.0.0.tgz. Extracting by manifest.
135 http fetch GET 200 https://registry.npmjs.org/minizlib/-/minizlib-2.1.2.tgz 143ms (cache miss)
136 http fetch GET 200 https://registry.npmjs.org/chownr/-/chownr-2.0.0.tgz 141ms (cache miss)
137 http fetch GET 200 https://registry.npmjs.org/minipass/-/minipass-3.3.6.tgz 146ms (cache miss)
138 http fetch GET 200 https://registry.npmjs.org/fs-minipass/-/fs-minipass-2.1.0.tgz 148ms (cache miss)
139 http fetch GET 200 https://registry.npmjs.org/minipass/-/minipass-3.3.6.tgz 148ms (cache miss)
140 http fetch GET 200 https://registry.npmjs.org/mkdirp/-/mkdirp-1.0.4.tgz 159ms (cache miss)
141 http fetch GET 200 https://registry.npmjs.org/minipass/-/minipass-5.0.0.tgz 171ms (cache miss)
142 http fetch GET 200 https://registry.npmjs.org/yallist/-/yallist-4.0.0.tgz 162ms (cache miss)
143 http fetch GET 200 https://registry.npmjs.org/formdata-polyfill/-/formdata-polyfill-4.0.10.tgz 256ms (cache miss)
144 http fetch GET 200 https://registry.npmjs.org/data-uri-to-buffer/-/data-uri-to-buffer-4.0.1.tgz 288ms (cache miss)
145 http fetch GET 200 https://registry.npmjs.org/fetch-blob/-/fetch-blob-3.2.0.tgz 291ms (cache miss)
146 http fetch GET 200 https://registry.npmjs.org/node-domexception/-/node-domexception-1.0.0.tgz 304ms (cache miss)
147 warn deprecated node-domexception@1.0.0: Use your platform's native DOMException instead
148 http fetch GET 200 https://registry.npmjs.org/node-fetch/-/node-fetch-3.3.2.tgz 319ms (cache miss)
149 http fetch GET 200 https://registry.npmjs.org/@napi-rs/triples/-/triples-1.2.0.tgz 321ms (cache miss)
150 http fetch GET 200 https://registry.npmjs.org/tar/-/tar-6.2.1.tgz 332ms (cache miss)
151 warn deprecated tar@6.2.1: Old versions of tar are not supported, and contain widely publicized security vulnerabilities, which have been fixed in the current version. Please update. Support for old versions may be purchased (at exorbitant rates) by contacting i@izs.me
152 http fetch GET 200 https://registry.npmjs.org/web-streams-polyfill/-/web-streams-polyfill-3.3.3.tgz 448ms (cache miss)
153 http fetch GET 200 https://registry.npmjs.org/@railway/cli/-/cli-5.26.0.tgz 445ms (cache miss)
154 info run @railway/cli@5.26.0 postinstall node_modules/@railway/cli node ./npm-install/postinstall.js
155 info run @railway/cli@5.26.0 postinstall { code: 1, signal: null }
156 verbose stack Error: command failed
156 verbose stack     at promiseSpawn (/data/data/com.termux/files/usr/lib/node_modules/npm/node_modules/@npmcli/promise-spawn/lib/index.js:22:22)
156 verbose stack     at spawnWithShell (/data/data/com.termux/files/usr/lib/node_modules/npm/node_modules/@npmcli/promise-spawn/lib/index.js:124:10)
156 verbose stack     at promiseSpawn (/data/data/com.termux/files/usr/lib/node_modules/npm/node_modules/@npmcli/promise-spawn/lib/index.js:12:12)
156 verbose stack     at runScriptPkg (/data/data/com.termux/files/usr/lib/node_modules/npm/node_modules/@npmcli/run-script/lib/run-script-pkg.js:79:13)
156 verbose stack     at runScript (/data/data/com.termux/files/usr/lib/node_modules/npm/node_modules/@npmcli/run-script/lib/run-script.js:9:12)
156 verbose stack     at /data/data/com.termux/files/usr/lib/node_modules/npm/node_modules/@npmcli/arborist/lib/arborist/rebuild.js:348:17
156 verbose stack     at run (/data/data/com.termux/files/usr/lib/node_modules/npm/node_modules/promise-call-limit/dist/commonjs/index.js:67:22)
156 verbose stack     at /data/data/com.termux/files/usr/lib/node_modules/npm/node_modules/promise-call-limit/dist/commonjs/index.js:84:9
156 verbose stack     at new Promise (<anonymous>)
156 verbose stack     at callLimit (/data/data/com.termux/files/usr/lib/node_modules/npm/node_modules/promise-call-limit/dist/commonjs/index.js:35:69)
157 verbose pkgid @railway/cli@5.26.0
158 error code 1
159 error path /data/data/com.termux/files/usr/lib/node_modules/@railway/cli
160 error command failed
161 error command sh -c node ./npm-install/postinstall.js
162 error https://github.com/railwayapp/cli/releases/download/v5.26.0/railway-v5.26.0-aarch64-linux-android.tar.gz
163 error Error: Failed fetching the binary: Not Found
163 error     at install (file:///data/data/com.termux/files/usr/lib/node_modules/@railway/cli/npm-install/postinstall.js:30:9)
163 error     at process.processTicksAndRejections (node:internal/process/task_queues:104:5)
164 silly unfinished npm timer reify 1783909922460
165 silly unfinished npm timer reify:build 1783909925119
166 silly unfinished npm timer build 1783909925120
167 silly unfinished npm timer build:deps 1783909925120
168 silly unfinished npm timer build:run:postinstall 1783909925127
169 silly unfinished npm timer build:run:postinstall:node_modules/@railway/cli 1783909925127
170 verbose cwd /data/data/com.termux/files/home/samehadaku-api
171 verbose os Linux 6.6.77-android15-8-g4a507830d890-ab13636293-4k
172 verbose node v26.3.1
173 verbose npm  v11.18.0
174 notice
174 notice New [31mmajor[39m version of npm available! [31m11.18.0[39m -> [34m12.0.1[39m
174 notice Changelog: [34mhttps://github.com/npm/cli/releases/tag/v12.0.1[39m
174 notice To update run: [4mnpm install -g npm@12.0.1[24m
174 notice  { force: true, Symbol(proc-log.meta): true }
175 verbose exit 1
176 verbose code 1
177 error A complete log of this run can be found in: /data/data/com.termux/files/home/.npm/_logs/2026-07-13T02_32_01_693Z-debug-0.log
