0 verbose cli /data/data/com.termux/files/usr/bin/node /data/data/com.termux/files/usr/bin/npm
1 info using npm@11.18.0
2 info using node@v26.3.1
3 silly config load:file:/data/data/com.termux/files/usr/lib/node_modules/npm/npmrc
4 silly config load:file:/storage/emulated/0/Download/CLINT-TRADE-V2/.npmrc
5 silly config load:file:/data/data/com.termux/files/home/.npmrc
6 silly config load:file:/data/data/com.termux/files/usr/etc/npmrc
7 verbose title npm test
8 verbose argv "test"
9 verbose logfile logs-max:10 dir:/data/data/com.termux/files/home/.npm/_logs/2026-09-21T10_03_34_700Z-
10 verbose logfile /data/data/com.termux/files/home/.npm/_logs/2026-09-21T10_03_34_700Z-debug-0.log
11 silly logfile done cleaning log files
12 verbose stack Error: Missing script: "test"
12 verbose stack
12 verbose stack To see a list of scripts, run:
12 verbose stack   npm run
12 verbose stack     at #run (/data/data/com.termux/files/usr/lib/node_modules/npm/lib/commands/run.js:115:13)
12 verbose stack     at async RunScript.exec (/data/data/com.termux/files/usr/lib/node_modules/npm/lib/commands/run.js:44:7)
12 verbose stack     at async Npm.exec (/data/data/com.termux/files/usr/lib/node_modules/npm/lib/npm.js:193:9)
12 verbose stack     at async module.exports (/data/data/com.termux/files/usr/lib/node_modules/npm/lib/cli/entry.js:67:5)
13 error Missing script: "test"
13 error
13 error To see a list of scripts, run:
13 error   npm run
14 verbose cwd /storage/emulated/0/Download/CLINT-TRADE-V2
15 verbose os Linux 6.6.77-android15-8-g4a507830d890-ab13636293-4k
16 verbose node v26.3.1
17 verbose npm  v11.18.0
18 verbose exit 1
19 verbose code 1
20 error A complete log of this run can be found in: /data/data/com.termux/files/home/.npm/_logs/2026-09-21T10_03_34_700Z-debug-0.log
